==================== 2026-05-24T20:58:32.450080Z | 1e259141-0a8a-4a3e-842f-64c6fc1c86b6 ====================
20:58:32.450272 [info ]: Starting dbt LSP server
20:58:32.450371 [info ]: Connecting to LSP client on port 8000
20:58:32.452937 [info ]: Successfully connected to LSP client
20:58:32.452964 [info ]: Creating LSP service...
20:58:32.523920 [info ]: Creating LSP server...
20:58:32.523951 [info ]: Starting LSP server...
21:00:13.748259 [info ]: Loading ~/.dbt/profiles.yml
21:00:22.113091 [info ]: Loading ~/.dbt/profiles.yml
21:00:42.154065 [info ]: Loading ~/.dbt/profiles.yml
21:04:25.425880 [info ]: Loading ~/.dbt/profiles.yml
21:04:50.179838 [info ]: Loading ~/.dbt/profiles.yml
21:05:11.364787 [info ]: Loading ~/.dbt/profiles.yml
21:08:22.619648 [info ]: Loading ~/.dbt/profiles.yml
21:09:28.432164 [info ]: Loading ~/.dbt/profiles.yml
21:09:28.937644 [info ]: Loading ~/.dbt/profiles.yml
21:09:29.442594 [info ]: Loading ~/.dbt/profiles.yml
21:09:29.948401 [info ]: Loading ~/.dbt/profiles.yml
21:09:30.436960 [info ]: Loading ~/.dbt/profiles.yml
21:09:30.939375 [info ]: Loading ~/.dbt/profiles.yml
21:09:31.449917 [info ]: Loading ~/.dbt/profiles.yml
21:09:31.963013 [info ]: Loading ~/.dbt/profiles.yml
21:09:32.231051 [info ]: Loading ~/.dbt/profiles.yml
21:09:32.735092 [info ]: Loading ~/.dbt/profiles.yml
21:09:33.254936 [info ]: Loading ~/.dbt/profiles.yml
21:09:41.021041 [info ]: Loading ~/.dbt/profiles.yml
21:09:41.322472 [info ]: Loading ~/.dbt/profiles.yml
21:09:41.822989 [info ]: Loading ~/.dbt/profiles.yml
21:09:42.343829 [info ]: Loading ~/.dbt/profiles.yml
21:09:42.829002 [info ]: Loading ~/.dbt/profiles.yml
21:09:43.324744 [info ]: Loading ~/.dbt/profiles.yml
21:09:43.810887 [info ]: Loading ~/.dbt/profiles.yml
21:09:44.322409 [info ]: Loading ~/.dbt/profiles.yml
21:09:44.852308 [info ]: Loading ~/.dbt/profiles.yml
21:09:45.316469 [info ]: Loading ~/.dbt/profiles.yml
21:09:45.828359 [info ]: Loading ~/.dbt/profiles.yml
21:09:46.307674 [info ]: Loading ~/.dbt/profiles.yml
21:09:46.820577 [info ]: Loading ~/.dbt/profiles.yml
21:09:47.317547 [info ]: Loading ~/.dbt/profiles.yml
21:09:47.820623 [info ]: Loading ~/.dbt/profiles.yml
21:09:48.325259 [info ]: Loading ~/.dbt/profiles.yml
21:09:48.822072 [info ]: Loading ~/.dbt/profiles.yml
21:09:49.320001 [info ]: Loading ~/.dbt/profiles.yml
21:09:49.832947 [info ]: Loading ~/.dbt/profiles.yml
21:09:50.316777 [info ]: Loading ~/.dbt/profiles.yml
21:09:50.827866 [info ]: Loading ~/.dbt/profiles.yml
21:09:51.315529 [info ]: Loading ~/.dbt/profiles.yml
21:09:51.848452 [info ]: Loading ~/.dbt/profiles.yml
21:09:52.338120 [info ]: Loading ~/.dbt/profiles.yml
21:09:52.826626 [info ]: Loading ~/.dbt/profiles.yml
21:09:53.320808 [info ]: Loading ~/.dbt/profiles.yml
21:09:53.893973 [info ]: Loading ~/.dbt/profiles.yml
21:09:54.340273 [info ]: Loading ~/.dbt/profiles.yml
21:09:54.827594 [info ]: Loading ~/.dbt/profiles.yml
21:09:55.342356 [info ]: Loading ~/.dbt/profiles.yml
21:09:55.832862 [info ]: Loading ~/.dbt/profiles.yml
21:09:56.328276 [info ]: Loading ~/.dbt/profiles.yml
21:09:56.843383 [info ]: Loading ~/.dbt/profiles.yml
21:09:57.348507 [info ]: Loading ~/.dbt/profiles.yml
21:09:57.862584 [info ]: Loading ~/.dbt/profiles.yml
21:09:58.347109 [info ]: Loading ~/.dbt/profiles.yml
21:09:58.884476 [info ]: Loading ~/.dbt/profiles.yml
21:09:59.372366 [info ]: Loading ~/.dbt/profiles.yml
21:09:59.842990 [info ]: Loading ~/.dbt/profiles.yml
21:10:00.340480 [info ]: Loading ~/.dbt/profiles.yml
21:10:00.869898 [info ]: Loading ~/.dbt/profiles.yml
21:10:10.842316 [info ]: Loading ~/.dbt/profiles.yml
21:10:11.367148 [info ]: Loading ~/.dbt/profiles.yml
21:10:11.859609 [info ]: Loading ~/.dbt/profiles.yml
21:10:12.363912 [info ]: Loading ~/.dbt/profiles.yml
21:10:13.375123 [info ]: Loading ~/.dbt/profiles.yml
21:10:14.381466 [info ]: Loading ~/.dbt/profiles.yml
21:10:14.884375 [info ]: Loading ~/.dbt/profiles.yml
21:10:15.371676 [info ]: Loading ~/.dbt/profiles.yml
21:10:15.966209 [info ]: Loading ~/.dbt/profiles.yml
21:10:16.378149 [info ]: Loading ~/.dbt/profiles.yml
21:10:16.692469 [info ]: Loading ~/.dbt/profiles.yml
21:10:17.197857 [info ]: Loading ~/.dbt/profiles.yml
21:10:17.693968 [info ]: Loading ~/.dbt/profiles.yml
21:10:18.207191 [info ]: Loading ~/.dbt/profiles.yml
21:10:18.689154 [info ]: Loading ~/.dbt/profiles.yml
21:10:19.196344 [info ]: Loading ~/.dbt/profiles.yml
21:10:20.204332 [info ]: Loading ~/.dbt/profiles.yml
21:10:20.704497 [info ]: Loading ~/.dbt/profiles.yml
21:10:21.294203 [info ]: Loading ~/.dbt/profiles.yml
21:10:21.711803 [info ]: Loading ~/.dbt/profiles.yml
21:10:22.212086 [info ]: Loading ~/.dbt/profiles.yml
21:10:22.714516 [info ]: Loading ~/.dbt/profiles.yml
21:10:23.205270 [info ]: Loading ~/.dbt/profiles.yml
21:10:23.710563 [info ]: Loading ~/.dbt/profiles.yml
21:10:24.725764 [info ]: Loading ~/.dbt/profiles.yml
21:10:25.732869 [info ]: Loading ~/.dbt/profiles.yml
21:10:26.740229 [info ]: Loading ~/.dbt/profiles.yml
21:10:27.234536 [info ]: Loading ~/.dbt/profiles.yml
21:10:27.715606 [info ]: Loading ~/.dbt/profiles.yml
21:10:28.735658 [info ]: Loading ~/.dbt/profiles.yml
21:10:29.223462 [info ]: Loading ~/.dbt/profiles.yml
21:10:29.816216 [info ]: Loading ~/.dbt/profiles.yml
21:10:30.093799 [info ]: Loading ~/.dbt/profiles.yml
21:10:31.102438 [info ]: Loading ~/.dbt/profiles.yml
21:10:31.593194 [info ]: Loading ~/.dbt/profiles.yml
21:10:32.625458 [info ]: Loading ~/.dbt/profiles.yml
21:10:33.321228 [info ]: Loading ~/.dbt/profiles.yml
21:10:33.615679 [info ]: Loading ~/.dbt/profiles.yml
21:10:33.915997 [info ]: Loading ~/.dbt/profiles.yml
21:10:34.854113 [info ]: Loading ~/.dbt/profiles.yml
21:10:35.351214 [info ]: Loading ~/.dbt/profiles.yml
21:10:35.848663 [info ]: Loading ~/.dbt/profiles.yml
21:10:36.367309 [info ]: Loading ~/.dbt/profiles.yml
21:10:37.024808 [info ]: Loading ~/.dbt/profiles.yml
21:10:37.366027 [info ]: Loading ~/.dbt/profiles.yml
21:10:37.837932 [info ]: Loading ~/.dbt/profiles.yml
21:10:38.343814 [info ]: Loading ~/.dbt/profiles.yml
21:10:38.866969 [info ]: Loading ~/.dbt/profiles.yml
21:10:39.351169 [info ]: Loading ~/.dbt/profiles.yml
21:10:40.348198 [info ]: Loading ~/.dbt/profiles.yml
21:10:40.862252 [info ]: Loading ~/.dbt/profiles.yml
21:10:41.350260 [info ]: Loading ~/.dbt/profiles.yml
21:10:42.316979 [info ]: Loading ~/.dbt/profiles.yml
21:10:43.321179 [info ]: Loading ~/.dbt/profiles.yml
21:10:44.316335 [info ]: Loading ~/.dbt/profiles.yml
21:10:44.948229 [info ]: Loading ~/.dbt/profiles.yml
21:10:45.321662 [info ]: Loading ~/.dbt/profiles.yml
21:10:46.333147 [info ]: Loading ~/.dbt/profiles.yml
21:10:46.824029 [info ]: Loading ~/.dbt/profiles.yml
21:10:47.822837 [info ]: Loading ~/.dbt/profiles.yml
21:10:48.549082 [info ]: Loading ~/.dbt/profiles.yml
21:10:48.820447 [info ]: Loading ~/.dbt/profiles.yml
21:10:49.336375 [info ]: Loading ~/.dbt/profiles.yml
21:10:50.336121 [info ]: Loading ~/.dbt/profiles.yml
21:10:50.825994 [info ]: Loading ~/.dbt/profiles.yml
21:10:51.831285 [info ]: Loading ~/.dbt/profiles.yml
21:10:52.321742 [info ]: Loading ~/.dbt/profiles.yml
21:10:52.913964 [info ]: Loading ~/.dbt/profiles.yml
21:10:53.326530 [info ]: Loading ~/.dbt/profiles.yml
21:10:53.831127 [info ]: Loading ~/.dbt/profiles.yml
21:10:54.344892 [info ]: Loading ~/.dbt/profiles.yml
21:10:54.922465 [info ]: Loading ~/.dbt/profiles.yml
21:10:55.334770 [info ]: Loading ~/.dbt/profiles.yml
21:10:55.838600 [info ]: Loading ~/.dbt/profiles.yml
21:10:56.345953 [info ]: Loading ~/.dbt/profiles.yml
21:10:56.839480 [info ]: Loading ~/.dbt/profiles.yml
21:10:57.859117 [info ]: Loading ~/.dbt/profiles.yml
21:10:58.563271 [info ]: Loading ~/.dbt/profiles.yml
21:10:58.989414 [info ]: Loading ~/.dbt/profiles.yml
21:10:59.988900 [info ]: Loading ~/.dbt/profiles.yml
21:11:00.481099 [info ]: Loading ~/.dbt/profiles.yml
21:11:00.979348 [info ]: Loading ~/.dbt/profiles.yml
21:11:01.630635 [info ]: Loading ~/.dbt/profiles.yml
21:11:02.039721 [info ]: Loading ~/.dbt/profiles.yml
21:11:02.535524 [info ]: Loading ~/.dbt/profiles.yml
21:11:03.536062 [info ]: Loading ~/.dbt/profiles.yml
21:11:04.038893 [info ]: Loading ~/.dbt/profiles.yml
21:11:04.539902 [info ]: Loading ~/.dbt/profiles.yml
21:11:05.053669 [info ]: Loading ~/.dbt/profiles.yml
21:11:05.540025 [info ]: Loading ~/.dbt/profiles.yml
21:11:06.116519 [info ]: Loading ~/.dbt/profiles.yml
21:11:06.541343 [info ]: Loading ~/.dbt/profiles.yml
21:11:07.030032 [info ]: Loading ~/.dbt/profiles.yml
21:11:07.529807 [info ]: Loading ~/.dbt/profiles.yml
21:11:08.043994 [info ]: Loading ~/.dbt/profiles.yml
21:11:08.533208 [info ]: Loading ~/.dbt/profiles.yml
21:11:09.045853 [info ]: Loading ~/.dbt/profiles.yml
21:11:09.542305 [info ]: Loading ~/.dbt/profiles.yml
21:11:10.047905 [info ]: Loading ~/.dbt/profiles.yml
21:11:10.538400 [info ]: Loading ~/.dbt/profiles.yml
21:11:10.837110 [info ]: Loading ~/.dbt/profiles.yml
21:11:11.402208 [info ]: Loading ~/.dbt/profiles.yml
21:11:11.849678 [info ]: Loading ~/.dbt/profiles.yml
21:11:12.340003 [info ]: Loading ~/.dbt/profiles.yml
21:11:12.851855 [info ]: Loading ~/.dbt/profiles.yml
21:11:13.364293 [info ]: Loading ~/.dbt/profiles.yml
21:11:13.843843 [info ]: Loading ~/.dbt/profiles.yml
21:11:14.347762 [info ]: Loading ~/.dbt/profiles.yml
21:11:14.853463 [info ]: Loading ~/.dbt/profiles.yml
21:11:15.358805 [info ]: Loading ~/.dbt/profiles.yml
21:11:15.839297 [info ]: Loading ~/.dbt/profiles.yml
21:11:16.351403 [info ]: Loading ~/.dbt/profiles.yml
21:11:16.847564 [info ]: Loading ~/.dbt/profiles.yml
21:11:17.354747 [info ]: Loading ~/.dbt/profiles.yml
21:11:17.855928 [info ]: Loading ~/.dbt/profiles.yml
21:11:18.368895 [info ]: Loading ~/.dbt/profiles.yml
21:11:18.846300 [info ]: Loading ~/.dbt/profiles.yml
21:11:19.363075 [info ]: Loading ~/.dbt/profiles.yml
21:11:19.865624 [info ]: Loading ~/.dbt/profiles.yml
21:11:20.361352 [info ]: Loading ~/.dbt/profiles.yml
21:11:20.859173 [info ]: Loading ~/.dbt/profiles.yml
21:11:21.359439 [info ]: Loading ~/.dbt/profiles.yml
21:11:21.857492 [info ]: Loading ~/.dbt/profiles.yml
21:11:22.357198 [info ]: Loading ~/.dbt/profiles.yml
21:11:22.861098 [info ]: Loading ~/.dbt/profiles.yml
21:11:23.376817 [info ]: Loading ~/.dbt/profiles.yml
21:11:23.856887 [info ]: Loading ~/.dbt/profiles.yml
21:11:24.365493 [info ]: Loading ~/.dbt/profiles.yml
21:11:24.877625 [info ]: Loading ~/.dbt/profiles.yml
21:11:25.376414 [info ]: Loading ~/.dbt/profiles.yml
21:11:25.869305 [info ]: Loading ~/.dbt/profiles.yml
21:11:26.371767 [info ]: Loading ~/.dbt/profiles.yml
21:11:26.876104 [info ]: Loading ~/.dbt/profiles.yml
21:11:27.370169 [info ]: Loading ~/.dbt/profiles.yml
21:11:27.854481 [info ]: Loading ~/.dbt/profiles.yml
21:11:28.193327 [info ]: Loading ~/.dbt/profiles.yml
21:12:03.341996 [info ]: Loading ~/.dbt/profiles.yml
21:12:03.848989 [info ]: Loading ~/.dbt/profiles.yml
21:12:04.364071 [info ]: Loading ~/.dbt/profiles.yml
21:12:04.855824 [info ]: Loading ~/.dbt/profiles.yml
21:12:05.356689 [info ]: Loading ~/.dbt/profiles.yml
21:12:05.848563 [info ]: Loading ~/.dbt/profiles.yml
21:12:06.359035 [info ]: Loading ~/.dbt/profiles.yml
21:12:06.850063 [info ]: Loading ~/.dbt/profiles.yml
21:12:07.361880 [info ]: Loading ~/.dbt/profiles.yml
21:12:07.865846 [info ]: Loading ~/.dbt/profiles.yml
21:12:08.368402 [info ]: Loading ~/.dbt/profiles.yml
21:12:08.863336 [info ]: Loading ~/.dbt/profiles.yml
21:12:09.362715 [info ]: Loading ~/.dbt/profiles.yml
21:12:09.877769 [info ]: Loading ~/.dbt/profiles.yml
21:12:10.377247 [info ]: Loading ~/.dbt/profiles.yml
21:12:10.876653 [info ]: Loading ~/.dbt/profiles.yml
21:12:11.371333 [info ]: Loading ~/.dbt/profiles.yml
21:12:11.887825 [info ]: Loading ~/.dbt/profiles.yml
21:12:12.384198 [info ]: Loading ~/.dbt/profiles.yml
21:12:12.879920 [info ]: Loading ~/.dbt/profiles.yml
21:12:13.387938 [info ]: Loading ~/.dbt/profiles.yml
21:12:13.877106 [info ]: Loading ~/.dbt/profiles.yml
21:12:14.399173 [info ]: Loading ~/.dbt/profiles.yml
21:12:14.882711 [info ]: Loading ~/.dbt/profiles.yml
21:12:15.394641 [info ]: Loading ~/.dbt/profiles.yml
21:12:15.903336 [info ]: Loading ~/.dbt/profiles.yml
21:12:16.405622 [info ]: Loading ~/.dbt/profiles.yml
21:12:16.911216 [info ]: Loading ~/.dbt/profiles.yml
21:12:17.400188 [info ]: Loading ~/.dbt/profiles.yml
21:12:17.894744 [info ]: Loading ~/.dbt/profiles.yml
21:12:18.394743 [info ]: Loading ~/.dbt/profiles.yml
21:12:18.906392 [info ]: Loading ~/.dbt/profiles.yml
21:12:19.405437 [info ]: Loading ~/.dbt/profiles.yml
21:12:19.919803 [info ]: Loading ~/.dbt/profiles.yml
21:12:20.414322 [info ]: Loading ~/.dbt/profiles.yml
21:12:20.914512 [info ]: Loading ~/.dbt/profiles.yml
21:12:21.406017 [info ]: Loading ~/.dbt/profiles.yml
21:12:21.916713 [info ]: Loading ~/.dbt/profiles.yml
21:12:22.421153 [info ]: Loading ~/.dbt/profiles.yml
21:12:22.924197 [info ]: Loading ~/.dbt/profiles.yml
21:12:23.427210 [info ]: Loading ~/.dbt/profiles.yml
21:12:23.917691 [info ]: Loading ~/.dbt/profiles.yml
21:12:24.411892 [info ]: Loading ~/.dbt/profiles.yml
21:12:24.932949 [info ]: Loading ~/.dbt/profiles.yml
21:12:25.428646 [info ]: Loading ~/.dbt/profiles.yml
21:12:25.926639 [info ]: Loading ~/.dbt/profiles.yml
21:12:26.421830 [info ]: Loading ~/.dbt/profiles.yml
21:12:26.920858 [info ]: Loading ~/.dbt/profiles.yml
21:12:27.427108 [info ]: Loading ~/.dbt/profiles.yml
21:12:27.927557 [info ]: Loading ~/.dbt/profiles.yml
21:12:28.437143 [info ]: Loading ~/.dbt/profiles.yml
21:12:28.930942 [info ]: Loading ~/.dbt/profiles.yml
21:12:29.421720 [info ]: Loading ~/.dbt/profiles.yml
21:12:29.922773 [info ]: Loading ~/.dbt/profiles.yml
21:12:30.427583 [info ]: Loading ~/.dbt/profiles.yml
21:12:31.229184 [info ]: Loading ~/.dbt/profiles.yml
21:17:33.339904 [info ]: Loading ~/.dbt/profiles.yml
21:18:26.135328 [info ]: Loading ~/.dbt/profiles.yml
21:18:33.647284 [info ]: Loading ~/.dbt/profiles.yml
21:18:45.411474 [info ]: Loading ~/.dbt/profiles.yml
21:18:55.602301 [info ]: Loading ~/.dbt/profiles.yml
21:21:59.424625 [info ]: Loading ~/.dbt/profiles.yml
21:22:31.684454 [info ]: Loading ~/.dbt/profiles.yml
21:23:21.651883 [info ]: Loading ~/.dbt/profiles.yml
21:23:45.410139 [info ]: Loading ~/.dbt/profiles.yml
21:26:11.618604 [info ]: Loading ~/.dbt/profiles.yml
21:26:12.658876 [info ]: Loading ~/.dbt/profiles.yml
21:26:13.172958 [info ]: Loading ~/.dbt/profiles.yml
21:26:13.879474 [info ]: Loading ~/.dbt/profiles.yml
21:26:14.401159 [info ]: Loading ~/.dbt/profiles.yml
21:26:14.882376 [info ]: Loading ~/.dbt/profiles.yml
21:28:13.436663 [info ]: Loading ~/.dbt/profiles.yml
21:28:23.348532 [info ]: Loading ~/.dbt/profiles.yml
21:28:24.271304 [info ]: Loading ~/.dbt/profiles.yml
21:28:35.524732 [info ]: Loading ~/.dbt/profiles.yml
21:28:38.425178 [info ]: Loading ~/.dbt/profiles.yml
21:28:41.690246 [info ]: Loading ~/.dbt/profiles.yml
21:28:51.881446 [info ]: Loading ~/.dbt/profiles.yml
21:28:52.408693 [info ]: Loading ~/.dbt/profiles.yml
21:28:52.895083 [info ]: Loading ~/.dbt/profiles.yml
21:28:53.403780 [info ]: Loading ~/.dbt/profiles.yml
21:28:53.906749 [info ]: Loading ~/.dbt/profiles.yml
21:28:54.421035 [info ]: Loading ~/.dbt/profiles.yml
21:28:54.985708 [info ]: Loading ~/.dbt/profiles.yml
21:28:55.912968 [info ]: Loading ~/.dbt/profiles.yml
21:28:56.404637 [info ]: Loading ~/.dbt/profiles.yml
21:28:56.919742 [info ]: Loading ~/.dbt/profiles.yml
21:28:57.422877 [info ]: Loading ~/.dbt/profiles.yml
21:28:57.903743 [info ]: Loading ~/.dbt/profiles.yml
21:28:58.414914 [info ]: Loading ~/.dbt/profiles.yml
21:28:58.918178 [info ]: Loading ~/.dbt/profiles.yml
21:28:59.421641 [info ]: Loading ~/.dbt/profiles.yml
21:28:59.925327 [info ]: Loading ~/.dbt/profiles.yml
21:29:00.423430 [info ]: Loading ~/.dbt/profiles.yml
21:29:00.928380 [info ]: Loading ~/.dbt/profiles.yml
21:29:01.424901 [info ]: Loading ~/.dbt/profiles.yml
21:29:01.923660 [info ]: Loading ~/.dbt/profiles.yml
21:29:02.423445 [info ]: Loading ~/.dbt/profiles.yml
21:29:02.918947 [info ]: Loading ~/.dbt/profiles.yml
21:29:03.428724 [info ]: Loading ~/.dbt/profiles.yml
21:29:03.915443 [info ]: Loading ~/.dbt/profiles.yml
21:29:04.426187 [info ]: Loading ~/.dbt/profiles.yml
21:29:04.927792 [info ]: Loading ~/.dbt/profiles.yml
21:29:05.423941 [info ]: Loading ~/.dbt/profiles.yml
21:29:05.929607 [info ]: Loading ~/.dbt/profiles.yml
21:29:06.435273 [info ]: Loading ~/.dbt/profiles.yml
21:29:06.919799 [info ]: Loading ~/.dbt/profiles.yml
21:29:07.458524 [info ]: Loading ~/.dbt/profiles.yml
21:29:07.945143 [info ]: Loading ~/.dbt/profiles.yml
21:29:08.438611 [info ]: Loading ~/.dbt/profiles.yml
21:29:08.941034 [info ]: Loading ~/.dbt/profiles.yml
21:29:09.423902 [info ]: Loading ~/.dbt/profiles.yml
21:29:10.470292 [info ]: Loading ~/.dbt/profiles.yml
21:29:10.978251 [info ]: Loading ~/.dbt/profiles.yml
21:29:11.462239 [info ]: Loading ~/.dbt/profiles.yml
21:29:11.974166 [info ]: Loading ~/.dbt/profiles.yml
21:29:12.471267 [info ]: Loading ~/.dbt/profiles.yml
21:29:13.027095 [info ]: Loading ~/.dbt/profiles.yml
21:29:13.464085 [info ]: Loading ~/.dbt/profiles.yml
21:29:13.972128 [info ]: Loading ~/.dbt/profiles.yml
21:29:14.530858 [info ]: Loading ~/.dbt/profiles.yml
21:29:25.230660 [info ]: Loading ~/.dbt/profiles.yml
21:29:25.756882 [info ]: Loading ~/.dbt/profiles.yml
21:29:26.770009 [info ]: Loading ~/.dbt/profiles.yml
21:29:27.769347 [info ]: Loading ~/.dbt/profiles.yml
21:29:28.761918 [info ]: Loading ~/.dbt/profiles.yml
21:29:29.768159 [info ]: Loading ~/.dbt/profiles.yml
21:29:30.262732 [info ]: Loading ~/.dbt/profiles.yml
21:29:30.873830 [info ]: Loading ~/.dbt/profiles.yml
21:29:31.300911 [info ]: Loading ~/.dbt/profiles.yml
21:29:32.294659 [info ]: Loading ~/.dbt/profiles.yml
21:29:32.731002 [info ]: Loading ~/.dbt/profiles.yml
21:29:33.227060 [info ]: Loading ~/.dbt/profiles.yml
21:29:34.237002 [info ]: Loading ~/.dbt/profiles.yml
21:29:35.241339 [info ]: Loading ~/.dbt/profiles.yml
21:29:36.236864 [info ]: Loading ~/.dbt/profiles.yml
21:29:37.233840 [info ]: Loading ~/.dbt/profiles.yml
21:29:38.226260 [info ]: Loading ~/.dbt/profiles.yml
21:29:39.251214 [info ]: Loading ~/.dbt/profiles.yml
21:29:39.738157 [info ]: Loading ~/.dbt/profiles.yml
21:29:40.238686 [info ]: Loading ~/.dbt/profiles.yml
21:29:41.240208 [info ]: Loading ~/.dbt/profiles.yml
21:29:42.241540 [info ]: Loading ~/.dbt/profiles.yml
21:29:43.244772 [info ]: Loading ~/.dbt/profiles.yml
21:29:44.277865 [info ]: Loading ~/.dbt/profiles.yml
21:29:44.737879 [info ]: Loading ~/.dbt/profiles.yml
21:29:45.183713 [info ]: Loading ~/.dbt/profiles.yml
21:29:45.693375 [info ]: Loading ~/.dbt/profiles.yml
21:29:46.199408 [info ]: Loading ~/.dbt/profiles.yml
21:29:47.192216 [info ]: Loading ~/.dbt/profiles.yml
21:29:48.310451 [info ]: Loading ~/.dbt/profiles.yml
21:29:49.323616 [info ]: Loading ~/.dbt/profiles.yml
21:29:49.924730 [info ]: Loading ~/.dbt/profiles.yml
21:29:50.326443 [info ]: Loading ~/.dbt/profiles.yml
21:29:50.825960 [info ]: Loading ~/.dbt/profiles.yml
21:29:51.314552 [info ]: Loading ~/.dbt/profiles.yml
21:29:51.826951 [info ]: Loading ~/.dbt/profiles.yml
21:29:52.329256 [info ]: Loading ~/.dbt/profiles.yml
21:29:52.819053 [info ]: Loading ~/.dbt/profiles.yml
21:29:53.456428 [info ]: Loading ~/.dbt/profiles.yml
21:29:53.824803 [info ]: Loading ~/.dbt/profiles.yml
21:29:54.320816 [info ]: Loading ~/.dbt/profiles.yml
21:29:54.823957 [info ]: Loading ~/.dbt/profiles.yml
21:29:55.329738 [info ]: Loading ~/.dbt/profiles.yml
21:29:56.347542 [info ]: Loading ~/.dbt/profiles.yml
21:29:57.441693 [info ]: Loading ~/.dbt/profiles.yml
21:29:58.454547 [info ]: Loading ~/.dbt/profiles.yml
21:29:58.948022 [info ]: Loading ~/.dbt/profiles.yml
21:29:59.450062 [info ]: Loading ~/.dbt/profiles.yml
21:30:00.463327 [info ]: Loading ~/.dbt/profiles.yml
21:30:00.951990 [info ]: Loading ~/.dbt/profiles.yml
21:30:01.454367 [info ]: Loading ~/.dbt/profiles.yml
21:30:02.453557 [info ]: Loading ~/.dbt/profiles.yml
21:30:02.962298 [info ]: Loading ~/.dbt/profiles.yml
21:30:03.965956 [info ]: Loading ~/.dbt/profiles.yml
21:30:04.595002 [info ]: Loading ~/.dbt/profiles.yml
21:30:05.108503 [info ]: Loading ~/.dbt/profiles.yml
21:30:05.616071 [info ]: Loading ~/.dbt/profiles.yml
21:30:06.235291 [info ]: Loading ~/.dbt/profiles.yml
21:30:06.812076 [info ]: Loading ~/.dbt/profiles.yml
21:30:08.255655 [info ]: Loading ~/.dbt/profiles.yml
21:30:09.270565 [info ]: Loading ~/.dbt/profiles.yml
21:30:09.988465 [info ]: Loading ~/.dbt/profiles.yml
21:30:10.263064 [info ]: Loading ~/.dbt/profiles.yml
21:30:10.561119 [info ]: Loading ~/.dbt/profiles.yml
21:30:11.074257 [info ]: Loading ~/.dbt/profiles.yml
21:30:11.576339 [info ]: Loading ~/.dbt/profiles.yml
21:30:12.075128 [info ]: Loading ~/.dbt/profiles.yml
21:30:12.575949 [info ]: Loading ~/.dbt/profiles.yml
21:30:13.080483 [info ]: Loading ~/.dbt/profiles.yml
21:30:13.666767 [info ]: Loading ~/.dbt/profiles.yml
21:30:14.083376 [info ]: Loading ~/.dbt/profiles.yml
21:30:14.571828 [info ]: Loading ~/.dbt/profiles.yml
21:30:15.072384 [info ]: Loading ~/.dbt/profiles.yml
21:30:15.584504 [info ]: Loading ~/.dbt/profiles.yml
21:30:16.075784 [info ]: Loading ~/.dbt/profiles.yml
21:30:16.583719 [info ]: Loading ~/.dbt/profiles.yml
21:30:17.260424 [info ]: Loading ~/.dbt/profiles.yml
21:30:17.574927 [info ]: Loading ~/.dbt/profiles.yml
21:30:18.075445 [info ]: Loading ~/.dbt/profiles.yml
21:30:18.704462 [info ]: Loading ~/.dbt/profiles.yml
21:30:19.078544 [info ]: Loading ~/.dbt/profiles.yml
21:30:19.581861 [info ]: Loading ~/.dbt/profiles.yml
21:30:20.077054 [info ]: Loading ~/.dbt/profiles.yml
21:30:20.588584 [info ]: Loading ~/.dbt/profiles.yml
21:30:20.953573 [info ]: Loading ~/.dbt/profiles.yml
21:30:21.444692 [info ]: Loading ~/.dbt/profiles.yml
21:30:21.947565 [info ]: Loading ~/.dbt/profiles.yml
21:30:22.453783 [info ]: Loading ~/.dbt/profiles.yml
21:30:22.955367 [info ]: Loading ~/.dbt/profiles.yml
21:30:23.446708 [info ]: Loading ~/.dbt/profiles.yml
21:30:23.960206 [info ]: Loading ~/.dbt/profiles.yml
21:30:24.463208 [info ]: Loading ~/.dbt/profiles.yml
21:30:24.961670 [info ]: Loading ~/.dbt/profiles.yml
21:30:25.541228 [info ]: Loading ~/.dbt/profiles.yml
21:30:25.954629 [info ]: Loading ~/.dbt/profiles.yml
21:30:26.957487 [info ]: Loading ~/.dbt/profiles.yml
21:30:27.956286 [info ]: Loading ~/.dbt/profiles.yml
21:30:28.657603 [info ]: Loading ~/.dbt/profiles.yml
21:30:28.963207 [info ]: Loading ~/.dbt/profiles.yml
21:30:29.471002 [info ]: Loading ~/.dbt/profiles.yml
21:30:29.965838 [info ]: Loading ~/.dbt/profiles.yml
21:30:30.469672 [info ]: Loading ~/.dbt/profiles.yml
21:30:30.956852 [info ]: Loading ~/.dbt/profiles.yml
21:30:31.463549 [info ]: Loading ~/.dbt/profiles.yml
21:30:31.973154 [info ]: Loading ~/.dbt/profiles.yml
21:30:32.451727 [info ]: Loading ~/.dbt/profiles.yml
21:30:32.973490 [info ]: Loading ~/.dbt/profiles.yml
21:30:33.976923 [info ]: Loading ~/.dbt/profiles.yml
21:30:34.474609 [info ]: Loading ~/.dbt/profiles.yml
21:30:34.957834 [info ]: Loading ~/.dbt/profiles.yml
21:30:35.468033 [info ]: Loading ~/.dbt/profiles.yml
21:30:35.961466 [info ]: Loading ~/.dbt/profiles.yml
21:30:36.434776 [info ]: Loading ~/.dbt/profiles.yml
21:30:36.939945 [info ]: Loading ~/.dbt/profiles.yml
21:30:37.428243 [info ]: Loading ~/.dbt/profiles.yml
21:30:37.943837 [info ]: Loading ~/.dbt/profiles.yml
21:30:38.435323 [info ]: Loading ~/.dbt/profiles.yml
21:30:38.928366 [info ]: Loading ~/.dbt/profiles.yml
21:30:39.436998 [info ]: Loading ~/.dbt/profiles.yml
21:30:40.000931 [info ]: Loading ~/.dbt/profiles.yml
21:30:40.433979 [info ]: Loading ~/.dbt/profiles.yml
21:30:40.926976 [info ]: Loading ~/.dbt/profiles.yml
21:30:41.448524 [info ]: Loading ~/.dbt/profiles.yml
21:30:41.937686 [info ]: Loading ~/.dbt/profiles.yml
21:30:42.432632 [info ]: Loading ~/.dbt/profiles.yml
21:30:42.763089 [info ]: Loading ~/.dbt/profiles.yml
21:31:01.253328 [info ]: Loading ~/.dbt/profiles.yml
21:31:01.767011 [info ]: Loading ~/.dbt/profiles.yml
21:31:02.262725 [info ]: Loading ~/.dbt/profiles.yml
21:31:02.768587 [info ]: Loading ~/.dbt/profiles.yml
21:31:03.263432 [info ]: Loading ~/.dbt/profiles.yml
21:31:03.776811 [info ]: Loading ~/.dbt/profiles.yml
21:31:04.274126 [info ]: Loading ~/.dbt/profiles.yml
21:31:04.770173 [info ]: Loading ~/.dbt/profiles.yml
21:31:05.265097 [info ]: Loading ~/.dbt/profiles.yml
21:31:05.773033 [info ]: Loading ~/.dbt/profiles.yml
21:31:06.271050 [info ]: Loading ~/.dbt/profiles.yml
21:31:06.765916 [info ]: Loading ~/.dbt/profiles.yml
21:31:07.278952 [info ]: Loading ~/.dbt/profiles.yml
21:31:07.782059 [info ]: Loading ~/.dbt/profiles.yml
21:31:08.269459 [info ]: Loading ~/.dbt/profiles.yml
21:31:08.791027 [info ]: Loading ~/.dbt/profiles.yml
21:31:09.287253 [info ]: Loading ~/.dbt/profiles.yml
21:31:09.782652 [info ]: Loading ~/.dbt/profiles.yml
21:31:10.294983 [info ]: Loading ~/.dbt/profiles.yml
21:31:10.782203 [info ]: Loading ~/.dbt/profiles.yml
21:31:11.283103 [info ]: Loading ~/.dbt/profiles.yml
21:31:11.796250 [info ]: Loading ~/.dbt/profiles.yml
21:31:12.293860 [info ]: Loading ~/.dbt/profiles.yml
21:31:12.794875 [info ]: Loading ~/.dbt/profiles.yml
21:31:13.290985 [info ]: Loading ~/.dbt/profiles.yml
21:31:13.786748 [info ]: Loading ~/.dbt/profiles.yml
21:31:14.306185 [info ]: Loading ~/.dbt/profiles.yml
21:31:14.803391 [info ]: Loading ~/.dbt/profiles.yml
21:31:15.296260 [info ]: Loading ~/.dbt/profiles.yml
21:31:15.799939 [info ]: Loading ~/.dbt/profiles.yml
21:31:16.300180 [info ]: Loading ~/.dbt/profiles.yml
21:31:16.822268 [info ]: Loading ~/.dbt/profiles.yml
21:31:17.295617 [info ]: Loading ~/.dbt/profiles.yml
21:31:17.805405 [info ]: Loading ~/.dbt/profiles.yml
21:31:18.314946 [info ]: Loading ~/.dbt/profiles.yml
21:31:18.834244 [info ]: Loading ~/.dbt/profiles.yml
21:31:19.322647 [info ]: Loading ~/.dbt/profiles.yml
21:31:19.811922 [info ]: Loading ~/.dbt/profiles.yml
21:31:20.305900 [info ]: Loading ~/.dbt/profiles.yml
21:31:20.809756 [info ]: Loading ~/.dbt/profiles.yml
21:31:21.318138 [info ]: Loading ~/.dbt/profiles.yml
21:31:21.834911 [info ]: Loading ~/.dbt/profiles.yml
21:31:22.320402 [info ]: Loading ~/.dbt/profiles.yml
21:31:22.820044 [info ]: Loading ~/.dbt/profiles.yml
21:31:23.373954 [info ]: Loading ~/.dbt/profiles.yml
21:31:23.871940 [info ]: Loading ~/.dbt/profiles.yml
21:31:24.368962 [info ]: Loading ~/.dbt/profiles.yml
21:31:24.879586 [info ]: Loading ~/.dbt/profiles.yml
21:31:25.373826 [info ]: Loading ~/.dbt/profiles.yml
21:31:25.897748 [info ]: Loading ~/.dbt/profiles.yml
21:31:26.395812 [info ]: Loading ~/.dbt/profiles.yml
21:31:26.897724 [info ]: Loading ~/.dbt/profiles.yml
21:31:27.400607 [info ]: Loading ~/.dbt/profiles.yml
21:31:28.198364 [info ]: Loading ~/.dbt/profiles.yml
21:33:10.544686 [info ]: Loading ~/.dbt/profiles.yml
21:36:36.159764 [info ]: Loading ~/.dbt/profiles.yml
21:36:36.780724 [info ]: Loading ~/.dbt/profiles.yml
21:36:37.216414 [info ]: Loading ~/.dbt/profiles.yml
21:36:37.728801 [info ]: Loading ~/.dbt/profiles.yml
21:36:38.192260 [info ]: Loading ~/.dbt/profiles.yml
21:36:38.801457 [info ]: Loading ~/.dbt/profiles.yml
21:36:39.273291 [info ]: Loading ~/.dbt/profiles.yml
21:36:39.619141 [info ]: Loading ~/.dbt/profiles.yml
21:36:50.843246 [info ]: Loading ~/.dbt/profiles.yml
21:37:22.305579 [info ]: Loading ~/.dbt/profiles.yml
21:37:23.175039 [info ]: Loading ~/.dbt/profiles.yml
21:37:28.720881 [info ]: Loading ~/.dbt/profiles.yml
21:43:06.094758 [info ]: Loading ~/.dbt/profiles.yml
21:43:10.877003 [info ]: Loading ~/.dbt/profiles.yml
21:43:26.889437 [info ]: Loading ~/.dbt/profiles.yml
21:43:27.405205 [info ]: Loading ~/.dbt/profiles.yml
21:43:27.905558 [info ]: Loading ~/.dbt/profiles.yml
21:43:28.406657 [info ]: Loading ~/.dbt/profiles.yml
21:43:28.901879 [info ]: Loading ~/.dbt/profiles.yml
21:43:29.402519 [info ]: Loading ~/.dbt/profiles.yml
21:43:29.909004 [info ]: Loading ~/.dbt/profiles.yml
21:43:31.404293 [info ]: Loading ~/.dbt/profiles.yml
21:43:31.893182 [info ]: Loading ~/.dbt/profiles.yml
21:43:32.418702 [info ]: Loading ~/.dbt/profiles.yml
21:43:32.924174 [info ]: Loading ~/.dbt/profiles.yml
21:43:33.373634 [info ]: Loading ~/.dbt/profiles.yml
21:43:33.907381 [info ]: Loading ~/.dbt/profiles.yml
21:43:34.397404 [info ]: Loading ~/.dbt/profiles.yml
21:43:34.893124 [info ]: Loading ~/.dbt/profiles.yml
21:43:35.382058 [info ]: Loading ~/.dbt/profiles.yml
21:43:35.924207 [info ]: Loading ~/.dbt/profiles.yml
21:43:36.401256 [info ]: Loading ~/.dbt/profiles.yml
21:43:36.909189 [info ]: Loading ~/.dbt/profiles.yml
21:43:37.376645 [info ]: Loading ~/.dbt/profiles.yml
21:43:37.892670 [info ]: Loading ~/.dbt/profiles.yml
21:43:38.461266 [info ]: Loading ~/.dbt/profiles.yml
21:43:38.896247 [info ]: Loading ~/.dbt/profiles.yml
21:43:39.401528 [info ]: Loading ~/.dbt/profiles.yml
21:43:39.893033 [info ]: Loading ~/.dbt/profiles.yml
21:43:40.397389 [info ]: Loading ~/.dbt/profiles.yml
21:43:40.910112 [info ]: Loading ~/.dbt/profiles.yml
21:43:41.394089 [info ]: Loading ~/.dbt/profiles.yml
21:43:41.903439 [info ]: Loading ~/.dbt/profiles.yml
21:43:42.406443 [info ]: Loading ~/.dbt/profiles.yml
21:43:42.901413 [info ]: Loading ~/.dbt/profiles.yml
21:43:43.427119 [info ]: Loading ~/.dbt/profiles.yml
21:43:43.916360 [info ]: Loading ~/.dbt/profiles.yml
21:43:44.401929 [info ]: Loading ~/.dbt/profiles.yml
21:43:44.913215 [info ]: Loading ~/.dbt/profiles.yml
21:43:45.406960 [info ]: Loading ~/.dbt/profiles.yml
21:43:45.931296 [info ]: Loading ~/.dbt/profiles.yml
21:43:46.396142 [info ]: Loading ~/.dbt/profiles.yml
21:43:46.941007 [info ]: Loading ~/.dbt/profiles.yml
21:43:47.399324 [info ]: Loading ~/.dbt/profiles.yml
21:43:48.216579 [info ]: Loading ~/.dbt/profiles.yml
21:43:48.690497 [info ]: Loading ~/.dbt/profiles.yml
21:43:49.203942 [info ]: Loading ~/.dbt/profiles.yml
21:43:49.691491 [info ]: Loading ~/.dbt/profiles.yml
21:43:50.190729 [info ]: Loading ~/.dbt/profiles.yml
21:43:50.696184 [info ]: Loading ~/.dbt/profiles.yml
21:43:51.188681 [info ]: Loading ~/.dbt/profiles.yml
21:43:51.686282 [info ]: Loading ~/.dbt/profiles.yml
21:43:52.198810 [info ]: Loading ~/.dbt/profiles.yml
21:43:52.720111 [info ]: Loading ~/.dbt/profiles.yml
21:44:02.932602 [info ]: Loading ~/.dbt/profiles.yml
21:44:03.454093 [info ]: Loading ~/.dbt/profiles.yml
21:44:03.962203 [info ]: Loading ~/.dbt/profiles.yml
21:44:04.979427 [info ]: Loading ~/.dbt/profiles.yml
21:44:05.463250 [info ]: Loading ~/.dbt/profiles.yml
21:44:06.451988 [info ]: Loading ~/.dbt/profiles.yml
21:44:07.844898 [info ]: Loading ~/.dbt/profiles.yml
21:44:08.660727 [info ]: Loading ~/.dbt/profiles.yml
21:44:08.967531 [info ]: Loading ~/.dbt/profiles.yml
21:44:09.462243 [info ]: Loading ~/.dbt/profiles.yml
21:44:10.406217 [info ]: Loading ~/.dbt/profiles.yml
21:44:11.572599 [info ]: Loading ~/.dbt/profiles.yml
21:44:12.579276 [info ]: Loading ~/.dbt/profiles.yml
21:44:13.574996 [info ]: Loading ~/.dbt/profiles.yml
21:44:14.576090 [info ]: Loading ~/.dbt/profiles.yml
21:44:15.220291 [info ]: Loading ~/.dbt/profiles.yml
21:44:15.591125 [info ]: Loading ~/.dbt/profiles.yml
21:44:16.087160 [info ]: Loading ~/.dbt/profiles.yml
21:44:17.102349 [info ]: Loading ~/.dbt/profiles.yml
21:44:17.572364 [info ]: Loading ~/.dbt/profiles.yml
21:44:18.583945 [info ]: Loading ~/.dbt/profiles.yml
21:44:19.088068 [info ]: Loading ~/.dbt/profiles.yml
21:44:19.583193 [info ]: Loading ~/.dbt/profiles.yml
21:44:20.094205 [info ]: Loading ~/.dbt/profiles.yml
21:44:20.592216 [info ]: Loading ~/.dbt/profiles.yml
21:44:21.086001 [info ]: Loading ~/.dbt/profiles.yml
21:44:22.092227 [info ]: Loading ~/.dbt/profiles.yml
21:44:23.083710 [info ]: Loading ~/.dbt/profiles.yml
21:44:23.591087 [info ]: Loading ~/.dbt/profiles.yml
21:44:24.091533 [info ]: Loading ~/.dbt/profiles.yml
21:44:24.603463 [info ]: Loading ~/.dbt/profiles.yml
21:44:25.078968 [info ]: Loading ~/.dbt/profiles.yml
21:44:26.097273 [info ]: Loading ~/.dbt/profiles.yml
21:44:26.601740 [info ]: Loading ~/.dbt/profiles.yml
21:44:27.092018 [info ]: Loading ~/.dbt/profiles.yml
21:44:27.586955 [info ]: Loading ~/.dbt/profiles.yml
21:44:28.102076 [info ]: Loading ~/.dbt/profiles.yml
21:44:29.094269 [info ]: Loading ~/.dbt/profiles.yml
21:44:30.103627 [info ]: Loading ~/.dbt/profiles.yml
21:44:31.110906 [info ]: Loading ~/.dbt/profiles.yml
21:44:31.602189 [info ]: Loading ~/.dbt/profiles.yml
21:44:32.109833 [info ]: Loading ~/.dbt/profiles.yml
21:44:32.601867 [info ]: Loading ~/.dbt/profiles.yml
21:44:33.191829 [info ]: Loading ~/.dbt/profiles.yml
21:44:33.590002 [info ]: Loading ~/.dbt/profiles.yml
21:44:34.175665 [info ]: Loading ~/.dbt/profiles.yml
21:44:34.601989 [info ]: Loading ~/.dbt/profiles.yml
21:44:35.098051 [info ]: Loading ~/.dbt/profiles.yml
21:44:35.604748 [info ]: Loading ~/.dbt/profiles.yml
21:44:36.094962 [info ]: Loading ~/.dbt/profiles.yml
21:44:36.598252 [info ]: Loading ~/.dbt/profiles.yml
21:44:37.603065 [info ]: Loading ~/.dbt/profiles.yml
21:44:38.101598 [info ]: Loading ~/.dbt/profiles.yml
21:44:38.601896 [info ]: Loading ~/.dbt/profiles.yml
21:44:39.098293 [info ]: Loading ~/.dbt/profiles.yml
21:44:39.816203 [info ]: Loading ~/.dbt/profiles.yml
21:44:40.115526 [info ]: Loading ~/.dbt/profiles.yml
21:44:40.617953 [info ]: Loading ~/.dbt/profiles.yml
21:44:41.611761 [info ]: Loading ~/.dbt/profiles.yml
21:44:42.608308 [info ]: Loading ~/.dbt/profiles.yml
21:44:43.611435 [info ]: Loading ~/.dbt/profiles.yml
21:44:44.623568 [info ]: Loading ~/.dbt/profiles.yml
21:44:45.607705 [info ]: Loading ~/.dbt/profiles.yml
21:44:46.617475 [info ]: Loading ~/.dbt/profiles.yml
21:44:47.125194 [info ]: Loading ~/.dbt/profiles.yml
21:44:48.131477 [info ]: Loading ~/.dbt/profiles.yml
21:44:48.620389 [info ]: Loading ~/.dbt/profiles.yml
21:44:49.128791 [info ]: Loading ~/.dbt/profiles.yml
21:44:49.734639 [info ]: Loading ~/.dbt/profiles.yml
21:44:50.121616 [info ]: Loading ~/.dbt/profiles.yml
21:44:50.622116 [info ]: Loading ~/.dbt/profiles.yml
21:44:51.120529 [info ]: Loading ~/.dbt/profiles.yml
21:44:51.622926 [info ]: Loading ~/.dbt/profiles.yml
21:44:52.630737 [info ]: Loading ~/.dbt/profiles.yml
21:44:52.904479 [info ]: Loading ~/.dbt/profiles.yml
21:44:53.433402 [info ]: Loading ~/.dbt/profiles.yml
21:44:53.924142 [info ]: Loading ~/.dbt/profiles.yml
21:44:54.420586 [info ]: Loading ~/.dbt/profiles.yml
21:44:54.937557 [info ]: Loading ~/.dbt/profiles.yml
21:44:55.422671 [info ]: Loading ~/.dbt/profiles.yml
21:44:55.932354 [info ]: Loading ~/.dbt/profiles.yml
21:44:56.431050 [info ]: Loading ~/.dbt/profiles.yml
21:44:56.929233 [info ]: Loading ~/.dbt/profiles.yml
21:44:57.447579 [info ]: Loading ~/.dbt/profiles.yml
21:44:57.930263 [info ]: Loading ~/.dbt/profiles.yml
21:44:58.438768 [info ]: Loading ~/.dbt/profiles.yml
21:44:58.936145 [info ]: Loading ~/.dbt/profiles.yml
21:44:59.448138 [info ]: Loading ~/.dbt/profiles.yml
21:44:59.937375 [info ]: Loading ~/.dbt/profiles.yml
21:45:00.439796 [info ]: Loading ~/.dbt/profiles.yml
21:45:00.935007 [info ]: Loading ~/.dbt/profiles.yml
21:45:01.718713 [info ]: Loading ~/.dbt/profiles.yml
21:45:02.566024 [info ]: Loading ~/.dbt/profiles.yml
21:45:03.558637 [info ]: Loading ~/.dbt/profiles.yml
21:45:04.064037 [info ]: Loading ~/.dbt/profiles.yml
21:45:04.563371 [info ]: Loading ~/.dbt/profiles.yml
21:45:05.078150 [info ]: Loading ~/.dbt/profiles.yml
21:45:05.567273 [info ]: Loading ~/.dbt/profiles.yml
21:45:06.064928 [info ]: Loading ~/.dbt/profiles.yml
21:45:06.582525 [info ]: Loading ~/.dbt/profiles.yml
21:45:07.067672 [info ]: Loading ~/.dbt/profiles.yml
21:45:07.566207 [info ]: Loading ~/.dbt/profiles.yml
21:45:08.066607 [info ]: Loading ~/.dbt/profiles.yml
21:45:08.569312 [info ]: Loading ~/.dbt/profiles.yml
21:45:09.064091 [info ]: Loading ~/.dbt/profiles.yml
21:45:09.566082 [info ]: Loading ~/.dbt/profiles.yml
21:45:10.073247 [info ]: Loading ~/.dbt/profiles.yml
21:45:10.576334 [info ]: Loading ~/.dbt/profiles.yml
21:45:11.085891 [info ]: Loading ~/.dbt/profiles.yml
21:45:11.576967 [info ]: Loading ~/.dbt/profiles.yml
21:45:12.083067 [info ]: Loading ~/.dbt/profiles.yml
21:45:12.572874 [info ]: Loading ~/.dbt/profiles.yml
21:45:13.083106 [info ]: Loading ~/.dbt/profiles.yml
21:45:13.580081 [info ]: Loading ~/.dbt/profiles.yml
21:45:14.100598 [info ]: Loading ~/.dbt/profiles.yml
21:45:14.588311 [info ]: Loading ~/.dbt/profiles.yml
21:45:15.094813 [info ]: Loading ~/.dbt/profiles.yml
21:45:15.580471 [info ]: Loading ~/.dbt/profiles.yml
21:45:16.080676 [info ]: Loading ~/.dbt/profiles.yml
21:45:16.579286 [info ]: Loading ~/.dbt/profiles.yml
21:45:17.079687 [info ]: Loading ~/.dbt/profiles.yml
21:45:17.597785 [info ]: Loading ~/.dbt/profiles.yml
21:45:18.083154 [info ]: Loading ~/.dbt/profiles.yml
21:45:18.587763 [info ]: Loading ~/.dbt/profiles.yml
21:45:19.094069 [info ]: Loading ~/.dbt/profiles.yml
21:45:19.599806 [info ]: Loading ~/.dbt/profiles.yml
21:45:20.089605 [info ]: Loading ~/.dbt/profiles.yml
21:45:20.588858 [info ]: Loading ~/.dbt/profiles.yml
21:45:20.917378 [info ]: Loading ~/.dbt/profiles.yml
21:45:21.654208 [info ]: Loading ~/.dbt/profiles.yml
21:45:22.288815 [info ]: Loading ~/.dbt/profiles.yml
21:45:22.627631 [info ]: Loading ~/.dbt/profiles.yml
21:45:23.148736 [info ]: Loading ~/.dbt/profiles.yml
21:45:23.435805 [info ]: Loading ~/.dbt/profiles.yml
21:45:24.151266 [info ]: Loading ~/.dbt/profiles.yml
21:45:25.196152 [info ]: Loading ~/.dbt/profiles.yml
21:45:25.672032 [info ]: Loading ~/.dbt/profiles.yml
21:45:26.191058 [info ]: Loading ~/.dbt/profiles.yml
21:45:26.682791 [info ]: Loading ~/.dbt/profiles.yml
21:45:27.173197 [info ]: Loading ~/.dbt/profiles.yml
21:45:27.692068 [info ]: Loading ~/.dbt/profiles.yml
21:45:28.173488 [info ]: Loading ~/.dbt/profiles.yml
21:45:28.505914 [info ]: Loading ~/.dbt/profiles.yml
21:45:29.011221 [info ]: Loading ~/.dbt/profiles.yml
21:45:29.501656 [info ]: Loading ~/.dbt/profiles.yml
21:45:30.005443 [info ]: Loading ~/.dbt/profiles.yml
21:45:30.516048 [info ]: Loading ~/.dbt/profiles.yml
21:45:31.030198 [info ]: Loading ~/.dbt/profiles.yml
21:45:31.520577 [info ]: Loading ~/.dbt/profiles.yml
21:45:32.018535 [info ]: Loading ~/.dbt/profiles.yml
21:45:32.521446 [info ]: Loading ~/.dbt/profiles.yml
21:45:33.552294 [info ]: Loading ~/.dbt/profiles.yml
21:45:34.046042 [info ]: Loading ~/.dbt/profiles.yml
21:45:34.541566 [info ]: Loading ~/.dbt/profiles.yml
21:45:35.049135 [info ]: Loading ~/.dbt/profiles.yml
21:45:35.547825 [info ]: Loading ~/.dbt/profiles.yml
21:45:36.049558 [info ]: Loading ~/.dbt/profiles.yml
21:45:36.544820 [info ]: Loading ~/.dbt/profiles.yml
21:45:37.041699 [info ]: Loading ~/.dbt/profiles.yml
21:45:37.542694 [info ]: Loading ~/.dbt/profiles.yml
21:45:38.044442 [info ]: Loading ~/.dbt/profiles.yml
21:45:39.065498 [info ]: Loading ~/.dbt/profiles.yml
21:45:39.558903 [info ]: Loading ~/.dbt/profiles.yml
21:45:40.054228 [info ]: Loading ~/.dbt/profiles.yml
21:45:40.567842 [info ]: Loading ~/.dbt/profiles.yml
21:45:41.064142 [info ]: Loading ~/.dbt/profiles.yml
21:45:41.566327 [info ]: Loading ~/.dbt/profiles.yml
21:45:42.077609 [info ]: Loading ~/.dbt/profiles.yml
21:45:42.575568 [info ]: Loading ~/.dbt/profiles.yml
21:45:43.087005 [info ]: Loading ~/.dbt/profiles.yml
21:45:43.568820 [info ]: Loading ~/.dbt/profiles.yml
21:45:44.082120 [info ]: Loading ~/.dbt/profiles.yml
21:45:44.586101 [info ]: Loading ~/.dbt/profiles.yml
21:45:45.086546 [info ]: Loading ~/.dbt/profiles.yml
21:45:45.593230 [info ]: Loading ~/.dbt/profiles.yml
21:45:46.109970 [info ]: Loading ~/.dbt/profiles.yml
21:45:46.599049 [info ]: Loading ~/.dbt/profiles.yml
21:45:47.101540 [info ]: Loading ~/.dbt/profiles.yml
21:45:47.614833 [info ]: Loading ~/.dbt/profiles.yml
21:45:48.109735 [info ]: Loading ~/.dbt/profiles.yml
21:45:48.615595 [info ]: Loading ~/.dbt/profiles.yml
21:45:49.117909 [info ]: Loading ~/.dbt/profiles.yml
21:45:49.623737 [info ]: Loading ~/.dbt/profiles.yml
21:45:50.119820 [info ]: Loading ~/.dbt/profiles.yml
21:45:50.625738 [info ]: Loading ~/.dbt/profiles.yml
21:45:51.121060 [info ]: Loading ~/.dbt/profiles.yml
21:45:51.733825 [info ]: Loading ~/.dbt/profiles.yml
21:45:54.784964 [info ]: Loading ~/.dbt/profiles.yml
21:45:55.045818 [info ]: Loading ~/.dbt/profiles.yml
21:45:55.541219 [info ]: Loading ~/.dbt/profiles.yml
21:45:56.054429 [info ]: Loading ~/.dbt/profiles.yml
21:45:56.554897 [info ]: Loading ~/.dbt/profiles.yml
21:45:57.578735 [info ]: Loading ~/.dbt/profiles.yml
21:45:58.080371 [info ]: Loading ~/.dbt/profiles.yml
21:45:58.582222 [info ]: Loading ~/.dbt/profiles.yml
21:45:59.080936 [info ]: Loading ~/.dbt/profiles.yml
21:45:59.590013 [info ]: Loading ~/.dbt/profiles.yml
21:46:00.090731 [info ]: Loading ~/.dbt/profiles.yml
21:46:00.592617 [info ]: Loading ~/.dbt/profiles.yml
21:46:01.593898 [info ]: Loading ~/.dbt/profiles.yml
21:46:02.106924 [info ]: Loading ~/.dbt/profiles.yml
21:46:02.618205 [info ]: Loading ~/.dbt/profiles.yml
21:46:03.130765 [info ]: Loading ~/.dbt/profiles.yml
21:46:03.627126 [info ]: Loading ~/.dbt/profiles.yml
21:46:04.092201 [info ]: Loading ~/.dbt/profiles.yml
21:46:05.995876 [info ]: Loading ~/.dbt/profiles.yml
21:46:06.508422 [info ]: Loading ~/.dbt/profiles.yml
21:46:07.020278 [info ]: Loading ~/.dbt/profiles.yml
21:46:07.511923 [info ]: Loading ~/.dbt/profiles.yml
21:46:08.032081 [info ]: Loading ~/.dbt/profiles.yml
21:46:08.633187 [info ]: Loading ~/.dbt/profiles.yml
21:46:09.232539 [info ]: Loading ~/.dbt/profiles.yml
21:46:09.573249 [info ]: Loading ~/.dbt/profiles.yml
21:46:45.273914 [info ]: Loading ~/.dbt/profiles.yml
21:46:45.581112 [info ]: Loading ~/.dbt/profiles.yml
21:46:46.096059 [info ]: Loading ~/.dbt/profiles.yml
21:46:46.588949 [info ]: Loading ~/.dbt/profiles.yml
21:46:47.649317 [info ]: Loading ~/.dbt/profiles.yml
21:46:48.333980 [info ]: Loading ~/.dbt/profiles.yml
21:46:48.848310 [info ]: Loading ~/.dbt/profiles.yml
21:46:49.349054 [info ]: Loading ~/.dbt/profiles.yml
21:46:49.797164 [info ]: Loading ~/.dbt/profiles.yml
21:46:50.295472 [info ]: Loading ~/.dbt/profiles.yml
21:46:50.799984 [info ]: Loading ~/.dbt/profiles.yml
21:46:51.256401 [info ]: Loading ~/.dbt/profiles.yml
21:46:51.546623 [info ]: Loading ~/.dbt/profiles.yml
21:46:52.063170 [info ]: Loading ~/.dbt/profiles.yml
21:46:52.568729 [info ]: Loading ~/.dbt/profiles.yml
21:46:53.064423 [info ]: Loading ~/.dbt/profiles.yml
21:46:53.586875 [info ]: Loading ~/.dbt/profiles.yml
21:46:54.088217 [info ]: Loading ~/.dbt/profiles.yml
21:46:54.587795 [info ]: Loading ~/.dbt/profiles.yml
21:46:55.105436 [info ]: Loading ~/.dbt/profiles.yml
21:46:55.556739 [info ]: Loading ~/.dbt/profiles.yml
21:46:55.895213 [info ]: Loading ~/.dbt/profiles.yml
21:46:56.725742 [info ]: Loading ~/.dbt/profiles.yml
21:46:57.105040 [info ]: Loading ~/.dbt/profiles.yml
21:46:57.462757 [info ]: Loading ~/.dbt/profiles.yml
21:50:20.317961 [info ]: Loading ~/.dbt/profiles.yml
21:50:22.016799 [info ]: Loading ~/.dbt/profiles.yml
21:50:49.969396 [info ]: Loading ~/.dbt/profiles.yml
21:54:02.557595 [info ]: Loading ~/.dbt/profiles.yml
21:55:47.942643 [info ]: Loading ~/.dbt/profiles.yml
22:04:06.383595 [info ]: Loading ~/.dbt/profiles.yml
22:04:13.227570 [info ]: Loading ~/.dbt/profiles.yml
22:04:21.094821 [info ]: Loading ~/.dbt/profiles.yml
22:08:08.978125 [info ]: Loading ~/.dbt/profiles.yml
22:09:43.258391 [info ]: Loading ~/.dbt/profiles.yml
22:09:43.782145 [info ]: Loading ~/.dbt/profiles.yml
22:09:44.255590 [info ]: Loading ~/.dbt/profiles.yml
22:09:45.014823 [info ]: Loading ~/.dbt/profiles.yml
22:09:45.710200 [info ]: Loading ~/.dbt/profiles.yml
22:09:46.646204 [info ]: Loading ~/.dbt/profiles.yml
22:09:47.152162 [info ]: Loading ~/.dbt/profiles.yml
22:09:47.651029 [info ]: Loading ~/.dbt/profiles.yml
22:13:06.391953 [info ]: Loading ~/.dbt/profiles.yml
22:13:06.994823 [info ]: Loading ~/.dbt/profiles.yml
22:13:07.444663 [info ]: Loading ~/.dbt/profiles.yml
22:13:07.814798 [info ]: Loading ~/.dbt/profiles.yml
22:13:08.292610 [info ]: Loading ~/.dbt/profiles.yml
22:13:08.802184 [info ]: Loading ~/.dbt/profiles.yml
22:13:09.371349 [info ]: Loading ~/.dbt/profiles.yml
22:13:09.796579 [info ]: Loading ~/.dbt/profiles.yml
22:13:10.347731 [info ]: Loading ~/.dbt/profiles.yml
22:13:10.769142 [info ]: Loading ~/.dbt/profiles.yml
22:13:33.453589 [info ]: Loading ~/.dbt/profiles.yml
22:13:44.138896 [info ]: Loading ~/.dbt/profiles.yml
22:13:44.641169 [info ]: Loading ~/.dbt/profiles.yml
22:13:45.658272 [info ]: Loading ~/.dbt/profiles.yml
22:13:46.660494 [info ]: Loading ~/.dbt/profiles.yml
22:13:47.159456 [info ]: Loading ~/.dbt/profiles.yml
22:13:47.660151 [info ]: Loading ~/.dbt/profiles.yml
22:13:48.163005 [info ]: Loading ~/.dbt/profiles.yml
22:13:48.653209 [info ]: Loading ~/.dbt/profiles.yml
22:13:49.152820 [info ]: Loading ~/.dbt/profiles.yml
22:13:49.659717 [info ]: Loading ~/.dbt/profiles.yml
22:13:50.672805 [info ]: Loading ~/.dbt/profiles.yml
22:13:51.681582 [info ]: Loading ~/.dbt/profiles.yml
22:13:52.184465 [info ]: Loading ~/.dbt/profiles.yml
22:13:53.247291 [info ]: Loading ~/.dbt/profiles.yml
22:13:53.693072 [info ]: Loading ~/.dbt/profiles.yml
22:13:54.923573 [info ]: Loading ~/.dbt/profiles.yml
22:13:55.924585 [info ]: Loading ~/.dbt/profiles.yml
22:13:56.410642 [info ]: Loading ~/.dbt/profiles.yml
22:13:56.914035 [info ]: Loading ~/.dbt/profiles.yml
22:13:57.914623 [info ]: Loading ~/.dbt/profiles.yml
22:13:58.432776 [info ]: Loading ~/.dbt/profiles.yml
22:13:59.202195 [info ]: Loading ~/.dbt/profiles.yml
22:13:59.477023 [info ]: Loading ~/.dbt/profiles.yml
22:13:59.930827 [info ]: Loading ~/.dbt/profiles.yml
22:14:00.462620 [info ]: Loading ~/.dbt/profiles.yml
22:14:01.044066 [info ]: Loading ~/.dbt/profiles.yml
22:14:01.431409 [info ]: Loading ~/.dbt/profiles.yml
22:14:02.602416 [info ]: Loading ~/.dbt/profiles.yml
22:14:03.606889 [info ]: Loading ~/.dbt/profiles.yml
22:14:04.614352 [info ]: Loading ~/.dbt/profiles.yml
22:14:05.105790 [info ]: Loading ~/.dbt/profiles.yml
22:14:06.113585 [info ]: Loading ~/.dbt/profiles.yml
22:14:07.206864 [info ]: Loading ~/.dbt/profiles.yml
22:14:07.926781 [info ]: Loading ~/.dbt/profiles.yml
22:14:08.626852 [info ]: Loading ~/.dbt/profiles.yml
22:14:09.099357 [info ]: Loading ~/.dbt/profiles.yml
22:14:10.116864 [info ]: Loading ~/.dbt/profiles.yml
22:14:10.614407 [info ]: Loading ~/.dbt/profiles.yml
22:14:11.100139 [info ]: Loading ~/.dbt/profiles.yml
22:14:11.609061 [info ]: Loading ~/.dbt/profiles.yml
22:14:12.639291 [info ]: Loading ~/.dbt/profiles.yml
22:14:13.139415 [info ]: Loading ~/.dbt/profiles.yml
22:14:13.617164 [info ]: Loading ~/.dbt/profiles.yml
22:14:14.123864 [info ]: Loading ~/.dbt/profiles.yml
22:14:14.623216 [info ]: Loading ~/.dbt/profiles.yml
22:14:14.919228 [info ]: Loading ~/.dbt/profiles.yml
22:14:15.941146 [info ]: Loading ~/.dbt/profiles.yml
22:14:16.425678 [info ]: Loading ~/.dbt/profiles.yml
22:14:17.056643 [info ]: Loading ~/.dbt/profiles.yml
22:14:17.445509 [info ]: Loading ~/.dbt/profiles.yml
22:14:18.032783 [info ]: Loading ~/.dbt/profiles.yml
22:14:18.436659 [info ]: Loading ~/.dbt/profiles.yml
22:14:19.485474 [info ]: Loading ~/.dbt/profiles.yml
22:14:19.964736 [info ]: Loading ~/.dbt/profiles.yml
22:14:20.972409 [info ]: Loading ~/.dbt/profiles.yml
22:14:21.994406 [info ]: Loading ~/.dbt/profiles.yml
22:14:22.981280 [info ]: Loading ~/.dbt/profiles.yml
22:14:23.987701 [info ]: Loading ~/.dbt/profiles.yml
22:14:24.494632 [info ]: Loading ~/.dbt/profiles.yml
22:14:24.980727 [info ]: Loading ~/.dbt/profiles.yml
22:14:25.477150 [info ]: Loading ~/.dbt/profiles.yml
22:14:25.980206 [info ]: Loading ~/.dbt/profiles.yml
22:14:26.911413 [info ]: Loading ~/.dbt/profiles.yml
22:14:27.900631 [info ]: Loading ~/.dbt/profiles.yml
22:14:28.555508 [info ]: Loading ~/.dbt/profiles.yml
22:14:28.886972 [info ]: Loading ~/.dbt/profiles.yml
22:14:29.402758 [info ]: Loading ~/.dbt/profiles.yml
22:14:29.896322 [info ]: Loading ~/.dbt/profiles.yml
22:14:30.411331 [info ]: Loading ~/.dbt/profiles.yml
22:14:30.901004 [info ]: Loading ~/.dbt/profiles.yml
22:14:31.908056 [info ]: Loading ~/.dbt/profiles.yml
22:14:32.396549 [info ]: Loading ~/.dbt/profiles.yml
22:14:32.896378 [info ]: Loading ~/.dbt/profiles.yml
22:14:33.911062 [info ]: Loading ~/.dbt/profiles.yml
22:14:34.538535 [info ]: Loading ~/.dbt/profiles.yml
22:14:34.918841 [info ]: Loading ~/.dbt/profiles.yml
22:14:35.415361 [info ]: Loading ~/.dbt/profiles.yml
22:14:35.908754 [info ]: Loading ~/.dbt/profiles.yml
22:14:36.422806 [info ]: Loading ~/.dbt/profiles.yml
22:14:36.927276 [info ]: Loading ~/.dbt/profiles.yml
22:14:37.419667 [info ]: Loading ~/.dbt/profiles.yml
22:14:37.918868 [info ]: Loading ~/.dbt/profiles.yml
22:14:38.412480 [info ]: Loading ~/.dbt/profiles.yml
22:14:39.426398 [info ]: Loading ~/.dbt/profiles.yml
22:14:39.934137 [info ]: Loading ~/.dbt/profiles.yml
22:14:40.595982 [info ]: Loading ~/.dbt/profiles.yml
22:14:40.940057 [info ]: Loading ~/.dbt/profiles.yml
22:14:41.567921 [info ]: Loading ~/.dbt/profiles.yml
22:14:41.924004 [info ]: Loading ~/.dbt/profiles.yml
22:14:42.423878 [info ]: Loading ~/.dbt/profiles.yml
22:14:43.039044 [info ]: Loading ~/.dbt/profiles.yml
22:14:43.436546 [info ]: Loading ~/.dbt/profiles.yml
22:14:43.923851 [info ]: Loading ~/.dbt/profiles.yml
22:14:44.941336 [info ]: Loading ~/.dbt/profiles.yml
22:14:45.949036 [info ]: Loading ~/.dbt/profiles.yml
22:14:46.428966 [info ]: Loading ~/.dbt/profiles.yml
22:14:46.925364 [info ]: Loading ~/.dbt/profiles.yml
22:14:47.943176 [info ]: Loading ~/.dbt/profiles.yml
22:14:48.449104 [info ]: Loading ~/.dbt/profiles.yml
22:14:49.443821 [info ]: Loading ~/.dbt/profiles.yml
22:14:50.449939 [info ]: Loading ~/.dbt/profiles.yml
22:14:50.960107 [info ]: Loading ~/.dbt/profiles.yml
22:14:51.449165 [info ]: Loading ~/.dbt/profiles.yml
22:14:51.947979 [info ]: Loading ~/.dbt/profiles.yml
22:14:52.448284 [info ]: Loading ~/.dbt/profiles.yml
22:14:52.947012 [info ]: Loading ~/.dbt/profiles.yml
22:14:53.458638 [info ]: Loading ~/.dbt/profiles.yml
22:14:53.942344 [info ]: Loading ~/.dbt/profiles.yml
22:14:54.312217 [info ]: Loading ~/.dbt/profiles.yml
22:14:54.815020 [info ]: Loading ~/.dbt/profiles.yml
22:14:55.332992 [info ]: Loading ~/.dbt/profiles.yml
22:14:55.824855 [info ]: Loading ~/.dbt/profiles.yml
22:14:56.338120 [info ]: Loading ~/.dbt/profiles.yml
22:14:56.947381 [info ]: Loading ~/.dbt/profiles.yml
22:14:57.323417 [info ]: Loading ~/.dbt/profiles.yml
22:14:57.841063 [info ]: Loading ~/.dbt/profiles.yml
22:14:58.457465 [info ]: Loading ~/.dbt/profiles.yml
22:14:58.840313 [info ]: Loading ~/.dbt/profiles.yml
22:14:59.327632 [info ]: Loading ~/.dbt/profiles.yml
22:14:59.829655 [info ]: Loading ~/.dbt/profiles.yml
22:15:00.323325 [info ]: Loading ~/.dbt/profiles.yml
22:15:00.824361 [info ]: Loading ~/.dbt/profiles.yml
22:15:01.330005 [info ]: Loading ~/.dbt/profiles.yml
22:15:01.831558 [info ]: Loading ~/.dbt/profiles.yml
22:15:02.335740 [info ]: Loading ~/.dbt/profiles.yml
22:15:02.835927 [info ]: Loading ~/.dbt/profiles.yml
22:15:03.340365 [info ]: Loading ~/.dbt/profiles.yml
22:15:03.839001 [info ]: Loading ~/.dbt/profiles.yml
22:15:04.335710 [info ]: Loading ~/.dbt/profiles.yml
22:15:04.831325 [info ]: Loading ~/.dbt/profiles.yml
22:15:05.333242 [info ]: Loading ~/.dbt/profiles.yml
22:15:05.840969 [info ]: Loading ~/.dbt/profiles.yml
22:15:06.334174 [info ]: Loading ~/.dbt/profiles.yml
22:15:06.835475 [info ]: Loading ~/.dbt/profiles.yml
22:15:07.356983 [info ]: Loading ~/.dbt/profiles.yml
22:15:07.846969 [info ]: Loading ~/.dbt/profiles.yml
22:15:08.333797 [info ]: Loading ~/.dbt/profiles.yml
22:15:08.848083 [info ]: Loading ~/.dbt/profiles.yml
22:15:09.333412 [info ]: Loading ~/.dbt/profiles.yml
22:15:09.839662 [info ]: Loading ~/.dbt/profiles.yml
22:15:10.343835 [info ]: Loading ~/.dbt/profiles.yml
22:15:10.844832 [info ]: Loading ~/.dbt/profiles.yml
22:15:11.332275 [info ]: Loading ~/.dbt/profiles.yml
22:15:11.832004 [info ]: Loading ~/.dbt/profiles.yml
22:15:12.138237 [info ]: Loading ~/.dbt/profiles.yml
22:15:12.650641 [info ]: Loading ~/.dbt/profiles.yml
22:15:13.144088 [info ]: Loading ~/.dbt/profiles.yml
22:15:13.658578 [info ]: Loading ~/.dbt/profiles.yml
22:15:14.145772 [info ]: Loading ~/.dbt/profiles.yml
22:15:14.651748 [info ]: Loading ~/.dbt/profiles.yml
22:15:15.155274 [info ]: Loading ~/.dbt/profiles.yml
22:15:15.664077 [info ]: Loading ~/.dbt/profiles.yml
22:15:16.164776 [info ]: Loading ~/.dbt/profiles.yml
22:15:16.651294 [info ]: Loading ~/.dbt/profiles.yml
22:15:17.147651 [info ]: Loading ~/.dbt/profiles.yml
22:15:17.655056 [info ]: Loading ~/.dbt/profiles.yml
22:15:18.163138 [info ]: Loading ~/.dbt/profiles.yml
22:15:18.665262 [info ]: Loading ~/.dbt/profiles.yml
22:15:19.205313 [info ]: Loading ~/.dbt/profiles.yml
22:15:19.651496 [info ]: Loading ~/.dbt/profiles.yml
22:15:20.160031 [info ]: Loading ~/.dbt/profiles.yml
22:15:20.648329 [info ]: Loading ~/.dbt/profiles.yml
22:15:21.156782 [info ]: Loading ~/.dbt/profiles.yml
22:15:21.658283 [info ]: Loading ~/.dbt/profiles.yml
22:15:22.153989 [info ]: Loading ~/.dbt/profiles.yml
22:15:22.669690 [info ]: Loading ~/.dbt/profiles.yml
22:15:23.195957 [info ]: Loading ~/.dbt/profiles.yml
22:15:23.681600 [info ]: Loading ~/.dbt/profiles.yml
22:15:24.163022 [info ]: Loading ~/.dbt/profiles.yml
22:15:24.662297 [info ]: Loading ~/.dbt/profiles.yml
22:15:25.158402 [info ]: Loading ~/.dbt/profiles.yml
22:15:25.669844 [info ]: Loading ~/.dbt/profiles.yml
22:15:26.166292 [info ]: Loading ~/.dbt/profiles.yml
22:15:26.677896 [info ]: Loading ~/.dbt/profiles.yml
22:15:27.168233 [info ]: Loading ~/.dbt/profiles.yml
22:15:27.666219 [info ]: Loading ~/.dbt/profiles.yml
22:15:28.169509 [info ]: Loading ~/.dbt/profiles.yml
22:15:28.697823 [info ]: Loading ~/.dbt/profiles.yml
22:15:29.180345 [info ]: Loading ~/.dbt/profiles.yml
22:15:29.712918 [info ]: Loading ~/.dbt/profiles.yml
22:15:30.178855 [info ]: Loading ~/.dbt/profiles.yml
22:15:30.669596 [info ]: Loading ~/.dbt/profiles.yml
22:15:31.173204 [info ]: Loading ~/.dbt/profiles.yml
22:15:31.680128 [info ]: Loading ~/.dbt/profiles.yml
22:15:32.172882 [info ]: Loading ~/.dbt/profiles.yml
22:15:32.691722 [info ]: Loading ~/.dbt/profiles.yml
22:15:33.200201 [info ]: Loading ~/.dbt/profiles.yml
22:15:33.691851 [info ]: Loading ~/.dbt/profiles.yml
22:15:34.205058 [info ]: Loading ~/.dbt/profiles.yml
22:15:34.696824 [info ]: Loading ~/.dbt/profiles.yml
22:15:35.202992 [info ]: Loading ~/.dbt/profiles.yml
22:15:35.703863 [info ]: Loading ~/.dbt/profiles.yml
22:15:36.208467 [info ]: Loading ~/.dbt/profiles.yml
22:15:36.719493 [info ]: Loading ~/.dbt/profiles.yml
22:15:37.223298 [info ]: Loading ~/.dbt/profiles.yml
22:15:37.731208 [info ]: Loading ~/.dbt/profiles.yml
22:15:38.230909 [info ]: Loading ~/.dbt/profiles.yml
22:15:38.981870 [info ]: Loading ~/.dbt/profiles.yml
22:15:41.820824 [info ]: Loading ~/.dbt/profiles.yml
22:15:42.091383 [info ]: Loading ~/.dbt/profiles.yml
22:15:42.633876 [info ]: Loading ~/.dbt/profiles.yml
22:15:43.273436 [info ]: Loading ~/.dbt/profiles.yml
==================== 2026-05-26T03:03:44.127462Z | 4fd6506c-1e8e-475d-960d-100e370f95c1 ====================
03:03:44.127573 [info ]: Starting dbt LSP server
03:03:44.127638 [info ]: Connecting to LSP client on port 8000
03:03:44.130375 [info ]: Successfully connected to LSP client
03:03:44.130420 [info ]: Creating LSP service...
03:03:44.234839 [info ]: Creating LSP server...
03:03:44.234873 [info ]: Starting LSP server...
03:03:44.264764 [info ]: Loading ~/.dbt/profiles.yml
03:03:46.292033 [info ]: Loading ~/.dbt/profiles.yml
03:04:44.909529 [info ]: Loading ~/.dbt/profiles.yml
03:07:41.976838 [info ]: Loading ~/.dbt/profiles.yml
03:07:52.953154 [info ]: Loading ~/.dbt/profiles.yml
03:09:05.186896 [info ]: Loading ~/.dbt/profiles.yml
03:09:19.097992 [info ]: Loading ~/.dbt/profiles.yml
03:17:20.037405 [info ]: Loading ~/.dbt/profiles.yml
03:20:20.817216 [info ]: Loading ~/.dbt/profiles.yml
03:21:03.025441 [info ]: Loading ~/.dbt/profiles.yml
03:26:17.324327 [info ]: Loading ~/.dbt/profiles.yml
03:31:51.385659 [info ]: Loading ~/.dbt/profiles.yml
03:35:58.586395 [info ]: Loading ~/.dbt/profiles.yml
03:40:57.185345 [info ]: Loading ~/.dbt/profiles.yml
03:55:40.816182 [info ]: Loading ~/.dbt/profiles.yml
03:55:42.690094 [info ]: Loading ~/.dbt/profiles.yml
03:55:45.265107 [info ]: Loading ~/.dbt/profiles.yml
03:55:47.660698 [info ]: Loading ~/.dbt/profiles.yml
03:55:49.145010 [info ]: Loading ~/.dbt/profiles.yml
03:55:49.867221 [info ]: Loading ~/.dbt/profiles.yml
03:55:50.633083 [info ]: Loading ~/.dbt/profiles.yml
03:56:38.243703 [info ]: Loading ~/.dbt/profiles.yml
03:56:44.555223 [info ]: Loading ~/.dbt/profiles.yml
03:56:48.782721 [info ]: Loading ~/.dbt/profiles.yml
03:56:50.017036 [info ]: Loading ~/.dbt/profiles.yml
03:56:51.265517 [info ]: Loading ~/.dbt/profiles.yml
03:56:57.723093 [info ]: Loading ~/.dbt/profiles.yml
03:56:59.378860 [info ]: Loading ~/.dbt/profiles.yml
03:57:00.462502 [info ]: Loading ~/.dbt/profiles.yml
03:57:08.352031 [info ]: Loading ~/.dbt/profiles.yml
03:57:10.695476 [info ]: Loading ~/.dbt/profiles.yml
03:57:11.945996 [info ]: Loading ~/.dbt/profiles.yml
03:58:14.714584 [info ]: Loading ~/.dbt/profiles.yml
03:58:17.740015 [info ]: Loading ~/.dbt/profiles.yml
03:58:18.612189 [info ]: Loading ~/.dbt/profiles.yml
03:58:20.701149 [info ]: Loading ~/.dbt/profiles.yml
03:58:27.251538 [info ]: Loading ~/.dbt/profiles.yml
04:04:54.678745 [info ]: Loading ~/.dbt/profiles.yml
04:06:01.130183 [info ]: Loading ~/.dbt/profiles.yml
04:06:04.472195 [info ]: Loading ~/.dbt/profiles.yml
04:06:05.529803 [info ]: Loading ~/.dbt/profiles.yml
04:06:06.156896 [info ]: Loading ~/.dbt/profiles.yml
04:06:06.666913 [info ]: Loading ~/.dbt/profiles.yml
04:06:07.302574 [info ]: Loading ~/.dbt/profiles.yml
04:06:07.818731 [info ]: Loading ~/.dbt/profiles.yml
04:06:08.554062 [info ]: Loading ~/.dbt/profiles.yml
04:06:10.084527 [info ]: Loading ~/.dbt/profiles.yml
04:06:24.228773 [info ]: Loading ~/.dbt/profiles.yml
04:06:26.694091 [info ]: Loading ~/.dbt/profiles.yml
04:06:27.678964 [info ]: Loading ~/.dbt/profiles.yml
04:06:28.199455 [info ]: Loading ~/.dbt/profiles.yml
04:06:28.676254 [info ]: Loading ~/.dbt/profiles.yml
04:06:29.207321 [info ]: Loading ~/.dbt/profiles.yml
04:06:29.901254 [info ]: Loading ~/.dbt/profiles.yml
04:06:30.569900 [info ]: Loading ~/.dbt/profiles.yml
04:07:07.208264 [info ]: Loading ~/.dbt/profiles.yml
04:07:21.651886 [info ]: Loading ~/.dbt/profiles.yml
04:07:23.998272 [info ]: Loading ~/.dbt/profiles.yml
04:07:25.018083 [info ]: Loading ~/.dbt/profiles.yml
04:07:25.523608 [info ]: Loading ~/.dbt/profiles.yml
04:07:26.066206 [info ]: Loading ~/.dbt/profiles.yml
04:07:26.621378 [info ]: Loading ~/.dbt/profiles.yml
04:07:27.126530 [info ]: Loading ~/.dbt/profiles.yml
04:07:27.630052 [info ]: Loading ~/.dbt/profiles.yml
04:07:28.229395 [info ]: Loading ~/.dbt/profiles.yml
04:08:31.824031 [info ]: Loading ~/.dbt/profiles.yml
04:09:31.270432 [info ]: Loading ~/.dbt/profiles.yml
04:09:31.680870 [info ]: Loading ~/.dbt/profiles.yml
04:09:37.297541 [info ]: Loading ~/.dbt/profiles.yml
04:09:55.659016 [info ]: Loading ~/.dbt/profiles.yml
04:10:04.569262 [info ]: Loading ~/.dbt/profiles.yml
04:10:06.901061 [info ]: Loading ~/.dbt/profiles.yml
04:11:33.429215 [info ]: Loading ~/.dbt/profiles.yml
04:11:54.579854 [info ]: Loading ~/.dbt/profiles.yml
04:12:16.668311 [info ]: Loading ~/.dbt/profiles.yml
04:13:03.168285 [info ]: Loading ~/.dbt/profiles.yml
04:13:06.542434 [info ]: Loading ~/.dbt/profiles.yml
04:13:07.267639 [info ]: Loading ~/.dbt/profiles.yml
04:13:09.358521 [info ]: Loading ~/.dbt/profiles.yml
04:16:05.470790 [info ]: Loading ~/.dbt/profiles.yml
04:16:06.275943 [info ]: Loading ~/.dbt/profiles.yml
04:16:07.009187 [info ]: Loading ~/.dbt/profiles.yml
04:16:08.037717 [info ]: Loading ~/.dbt/profiles.yml
04:16:08.735839 [info ]: Loading ~/.dbt/profiles.yml
04:16:09.205038 [info ]: Loading ~/.dbt/profiles.yml
04:16:09.720674 [info ]: Loading ~/.dbt/profiles.yml
04:16:10.734479 [info ]: Loading ~/.dbt/profiles.yml
04:16:11.392660 [info ]: Loading ~/.dbt/profiles.yml
04:16:12.086537 [info ]: Loading ~/.dbt/profiles.yml
04:16:12.437641 [info ]: Loading ~/.dbt/profiles.yml
04:16:12.925650 [info ]: Loading ~/.dbt/profiles.yml
04:16:13.422619 [info ]: Loading ~/.dbt/profiles.yml
04:16:13.921888 [info ]: Loading ~/.dbt/profiles.yml
04:16:15.223925 [info ]: Loading ~/.dbt/profiles.yml
04:16:15.509617 [info ]: Loading ~/.dbt/profiles.yml
04:16:15.848929 [info ]: Loading ~/.dbt/profiles.yml
04:16:16.383797 [info ]: Loading ~/.dbt/profiles.yml
04:16:16.906117 [info ]: Loading ~/.dbt/profiles.yml
04:16:17.399976 [info ]: Loading ~/.dbt/profiles.yml
04:16:17.908580 [info ]: Loading ~/.dbt/profiles.yml
04:16:18.424682 [info ]: Loading ~/.dbt/profiles.yml
04:16:19.134098 [info ]: Loading ~/.dbt/profiles.yml
04:16:19.432315 [info ]: Loading ~/.dbt/profiles.yml
04:16:20.436468 [info ]: Loading ~/.dbt/profiles.yml
04:16:20.937877 [info ]: Loading ~/.dbt/profiles.yml
04:16:21.438827 [info ]: Loading ~/.dbt/profiles.yml
04:16:21.957066 [info ]: Loading ~/.dbt/profiles.yml
04:16:22.458953 [info ]: Loading ~/.dbt/profiles.yml
04:16:22.958965 [info ]: Loading ~/.dbt/profiles.yml
04:16:24.259792 [info ]: Loading ~/.dbt/profiles.yml
04:16:24.971703 [info ]: Loading ~/.dbt/profiles.yml
04:16:25.471956 [info ]: Loading ~/.dbt/profiles.yml
04:16:26.474170 [info ]: Loading ~/.dbt/profiles.yml
04:16:26.975902 [info ]: Loading ~/.dbt/profiles.yml
04:16:27.483033 [info ]: Loading ~/.dbt/profiles.yml
04:16:28.479415 [info ]: Loading ~/.dbt/profiles.yml
04:16:28.972043 [info ]: Loading ~/.dbt/profiles.yml
04:16:30.113808 [info ]: Loading ~/.dbt/profiles.yml
04:16:31.433326 [info ]: Loading ~/.dbt/profiles.yml
04:16:31.988607 [info ]: Loading ~/.dbt/profiles.yml
04:16:32.490855 [info ]: Loading ~/.dbt/profiles.yml
04:16:32.971485 [info ]: Loading ~/.dbt/profiles.yml
04:16:33.476759 [info ]: Loading ~/.dbt/profiles.yml
04:16:34.488810 [info ]: Loading ~/.dbt/profiles.yml
04:16:34.986012 [info ]: Loading ~/.dbt/profiles.yml
04:16:35.485026 [info ]: Loading ~/.dbt/profiles.yml
04:16:35.981518 [info ]: Loading ~/.dbt/profiles.yml
04:16:36.503965 [info ]: Loading ~/.dbt/profiles.yml
04:16:37.011988 [info ]: Loading ~/.dbt/profiles.yml
04:16:37.512626 [info ]: Loading ~/.dbt/profiles.yml
04:16:38.014018 [info ]: Loading ~/.dbt/profiles.yml
04:16:38.510824 [info ]: Loading ~/.dbt/profiles.yml
04:16:39.012198 [info ]: Loading ~/.dbt/profiles.yml
04:16:39.515516 [info ]: Loading ~/.dbt/profiles.yml
04:16:40.018339 [info ]: Loading ~/.dbt/profiles.yml
04:16:41.032579 [info ]: Loading ~/.dbt/profiles.yml
04:16:41.521191 [info ]: Loading ~/.dbt/profiles.yml
04:16:42.023524 [info ]: Loading ~/.dbt/profiles.yml
04:16:42.812839 [info ]: Loading ~/.dbt/profiles.yml
04:16:43.111628 [info ]: Loading ~/.dbt/profiles.yml
04:16:43.594094 [info ]: Loading ~/.dbt/profiles.yml
04:16:44.615940 [info ]: Loading ~/.dbt/profiles.yml
04:16:45.117337 [info ]: Loading ~/.dbt/profiles.yml
04:16:45.618582 [info ]: Loading ~/.dbt/profiles.yml
04:16:46.395012 [info ]: Loading ~/.dbt/profiles.yml
04:17:35.282135 [info ]: Loading ~/.dbt/profiles.yml
04:17:35.715345 [info ]: Loading ~/.dbt/profiles.yml
04:17:36.346025 [info ]: Loading ~/.dbt/profiles.yml
04:17:36.977963 [info ]: Loading ~/.dbt/profiles.yml
04:18:09.969984 [info ]: Loading ~/.dbt/profiles.yml
04:20:11.798129 [info ]: Loading ~/.dbt/profiles.yml
04:20:19.058067 [info ]: Loading ~/.dbt/profiles.yml
04:20:47.493090 [info ]: Loading ~/.dbt/profiles.yml
04:21:36.556668 [info ]: Loading ~/.dbt/profiles.yml
04:25:55.921409 [info ]: Loading ~/.dbt/profiles.yml
04:26:03.066292 [info ]: Loading ~/.dbt/profiles.yml
04:26:10.921968 [info ]: Loading ~/.dbt/profiles.yml
04:26:46.563178 [info ]: Loading ~/.dbt/profiles.yml
04:27:58.991057 [info ]: Loading ~/.dbt/profiles.yml
04:28:01.556899 [info ]: Loading ~/.dbt/profiles.yml
04:28:05.078901 [info ]: Loading ~/.dbt/profiles.yml
04:28:29.317188 [info ]: Loading ~/.dbt/profiles.yml
04:29:43.353234 [info ]: Loading ~/.dbt/profiles.yml
04:31:07.465274 [info ]: Loading ~/.dbt/profiles.yml
04:33:01.533151 [info ]: Loading ~/.dbt/profiles.yml
04:33:21.976731 [info ]: Loading ~/.dbt/profiles.yml
04:36:06.238822 [info ]: Loading ~/.dbt/profiles.yml
04:37:12.454703 [info ]: Loading ~/.dbt/profiles.yml
04:38:59.836828 [info ]: Loading ~/.dbt/profiles.yml
04:39:21.385892 [info ]: Loading ~/.dbt/profiles.yml
04:42:06.085630 [info ]: Loading ~/.dbt/profiles.yml
04:42:17.339349 [info ]: Loading ~/.dbt/profiles.yml
04:45:34.343416 [info ]: Loading ~/.dbt/profiles.yml
04:50:26.366142 [info ]: Loading ~/.dbt/profiles.yml
04:50:45.617676 [info ]: Loading ~/.dbt/profiles.yml
04:52:55.143876 [info ]: Loading ~/.dbt/profiles.yml
04:53:25.172069 [info ]: Loading ~/.dbt/profiles.yml
04:53:39.244040 [info ]: Loading ~/.dbt/profiles.yml
04:53:47.550245 [info ]: Loading ~/.dbt/profiles.yml
04:53:49.260297 [info ]: Loading ~/.dbt/profiles.yml
04:55:30.183470 [info ]: Loading ~/.dbt/profiles.yml
04:58:29.031055 [info ]: Loading ~/.dbt/profiles.yml
04:58:31.482607 [info ]: Loading ~/.dbt/profiles.yml
04:58:50.994968 [info ]: Loading ~/.dbt/profiles.yml
05:00:16.978077 [info ]: Loading ~/.dbt/profiles.yml
05:00:20.292941 [info ]: Loading ~/.dbt/profiles.yml
05:00:36.993806 [info ]: Loading ~/.dbt/profiles.yml
05:00:38.323141 [info ]: Loading ~/.dbt/profiles.yml
05:01:58.193163 [info ]: Loading ~/.dbt/profiles.yml
05:02:24.083816 [info ]: Loading ~/.dbt/profiles.yml
05:02:26.391823 [info ]: Loading ~/.dbt/profiles.yml
05:02:38.765711 [info ]: Loading ~/.dbt/profiles.yml
05:02:42.028180 [info ]: Loading ~/.dbt/profiles.yml
05:02:48.131357 [info ]: Loading ~/.dbt/profiles.yml
05:05:06.847602 [info ]: Loading ~/.dbt/profiles.yml
05:05:48.418392 [info ]: Loading ~/.dbt/profiles.yml
05:05:58.638852 [info ]: Loading ~/.dbt/profiles.yml
05:06:44.320281 [info ]: Loading ~/.dbt/profiles.yml
05:07:18.110313 [info ]: Loading ~/.dbt/profiles.yml
05:07:44.442141 [info ]: Loading ~/.dbt/profiles.yml
05:07:54.583192 [info ]: Loading ~/.dbt/profiles.yml
05:08:13.981160 [info ]: Loading ~/.dbt/profiles.yml
05:09:12.147018 [info ]: Loading ~/.dbt/profiles.yml
05:09:21.463399 [info ]: Loading ~/.dbt/profiles.yml
05:09:25.213955 [info ]: Loading ~/.dbt/profiles.yml
05:10:25.167823 [info ]: Loading ~/.dbt/profiles.yml
05:10:45.139197 [info ]: Loading ~/.dbt/profiles.yml
05:10:50.385736 [info ]: Loading ~/.dbt/profiles.yml
05:10:52.284736 [info ]: Loading ~/.dbt/profiles.yml
05:10:54.853133 [info ]: Loading ~/.dbt/profiles.yml
05:10:55.498514 [info ]: Loading ~/.dbt/profiles.yml
05:10:57.542021 [info ]: Loading ~/.dbt/profiles.yml
==================== 2026-06-02T00:18:37.823774Z | 49f98a2d-0b18-4579-9ceb-7b4646c13371 ====================
00:18:37.823928 [info ]: Starting dbt LSP server
00:18:37.824010 [info ]: Connecting to LSP client on port 8000
00:18:37.826467 [info ]: Successfully connected to LSP client
00:18:37.826502 [info ]: Creating LSP service...
00:18:37.907288 [info ]: Creating LSP server...
00:18:37.907327 [info ]: Starting LSP server...
00:21:14.532284 [info ]: Loading ~/.dbt/profiles.yml
00:22:29.572970 [info ]: Loading ~/.dbt/profiles.yml
00:22:31.108304 [info ]: Loading ~/.dbt/profiles.yml
00:22:39.543403 [info ]: Loading ~/.dbt/profiles.yml
00:22:39.985920 [info ]: Loading ~/.dbt/profiles.yml
00:27:00.858478 [info ]: Loading ~/.dbt/profiles.yml
00:32:49.309645 [info ]: Loading ~/.dbt/profiles.yml
00:44:10.144074 [info ]: Loading ~/.dbt/profiles.yml
00:49:32.965020 [info ]: Loading ~/.dbt/profiles.yml
00:49:36.133409 [info ]: Loading ~/.dbt/profiles.yml
00:49:44.531525 [info ]: Loading ~/.dbt/profiles.yml
00:50:47.948383 [info ]: Loading ~/.dbt/profiles.yml
00:51:15.063474 [info ]: Loading ~/.dbt/profiles.yml
01:06:03.113538 [info ]: Loading ~/.dbt/profiles.yml
01:15:15.508417 [info ]: Loading ~/.dbt/profiles.yml
02:46:13.833762 [info ]: Loading ~/.dbt/profiles.yml
02:57:23.265630 [info ]: Loading ~/.dbt/profiles.yml
03:30:13.177331 [info ]: Loading ~/.dbt/profiles.yml
03:30:28.341088 [info ]: Loading ~/.dbt/profiles.yml
03:36:54.600362 [info ]: Loading ~/.dbt/profiles.yml
03:39:43.688785 [info ]: Loading ~/.dbt/profiles.yml
03:42:45.381100 [info ]: Loading ~/.dbt/profiles.yml
03:52:58.055595 [info ]: Loading ~/.dbt/profiles.yml
03:58:30.417406 [info ]: Loading ~/.dbt/profiles.yml
==================== 2026-06-06T06:49:00.927120Z | 33f8df15-b6de-437a-a116-6fdc7d69526d ====================
06:49:00.927445 [info ]: Starting dbt LSP server
06:49:00.927571 [info ]: Connecting to LSP client on port 8000
06:49:00.932032 [info ]: Successfully connected to LSP client
06:49:00.932122 [info ]: Creating LSP service...
06:49:01.041909 [info ]: Creating LSP server...
06:49:01.041946 [info ]: Starting LSP server...
06:49:01.068346 [info ]: Loading profiles.yml
06:49:03.251797 [info ]: Loading profiles.yml
07:03:00.096951 [info ]: Loading profiles.yml
07:03:07.131466 [info ]: Loading profiles.yml
07:03:10.730759 [info ]: Loading profiles.yml
07:03:10.772105 [info ]: Started loading project
07:03:10.773296 [info ]: Loading profiles.yml
07:03:10.774193 [info ]: Finished loading project [  0.00s]
07:03:11.144791 [info ]: Loading profiles.yml
07:03:11.670479 [info ]: Loading profiles.yml
07:03:15.813435 [info ]: Loading profiles.yml
07:03:41.334415 [info ]: Loading profiles.yml
07:07:06.869412 [info ]: Loading profiles.yml
07:07:07.946570 [info ]: Loading profiles.yml
07:11:03.285983 [info ]: Loading profiles.yml
07:11:03.322037 [info ]: Started loading project
07:11:03.322698 [info ]: Loading profiles.yml
07:11:03.323059 [info ]: Finished loading project [  0.00s]
07:11:03.704732 [info ]: Loading profiles.yml
07:11:04.229143 [info ]: Loading profiles.yml
07:11:22.981922 [info ]: Loading profiles.yml
07:11:23.041185 [info ]: Started loading project
07:11:23.042341 [info ]: Loading profiles.yml
07:11:23.043123 [info ]: Finished loading project [  0.00s]
07:11:24.579993 [info ]: Loading profiles.yml
07:11:26.458730 [info ]: Loading profiles.yml
07:14:30.789169 [info ]: Loading profiles.yml
07:14:37.305649 [info ]: Loading profiles.yml
07:14:53.044943 [info ]: Loading profiles.yml
07:17:16.378298 [info ]: Loading profiles.yml
07:17:16.411180 [info ]: Started loading project
07:17:16.411918 [info ]: Loading profiles.yml
07:17:16.412385 [info ]: Finished loading project [  0.00s]
07:17:16.699898 [info ]: Loading profiles.yml
07:17:17.319091 [info ]: Loading profiles.yml
07:19:03.129123 [info ]: Loading profiles.yml
07:19:08.585130 [info ]: Loading profiles.yml
07:21:50.643618 [info ]: Loading profiles.yml
07:21:51.470332 [info ]: Loading profiles.yml
07:22:06.863122 [info ]: Loading profiles.yml
07:22:19.354893 [info ]: Loading profiles.yml
07:22:48.493921 [info ]: Loading profiles.yml
07:23:13.491696 [info ]: Loading profiles.yml
==================== 2026-06-06T15:13:13.001153Z | fb253c6d-e94d-4096-8288-1ecdfb8317d8 ====================
15:13:13.001335 [info ]: Starting dbt LSP server
15:13:13.001406 [info ]: Connecting to LSP client on port 8000
15:13:13.003556 [info ]: Successfully connected to LSP client
15:13:13.003592 [info ]: Creating LSP service...
15:13:13.078702 [info ]: Creating LSP server...
15:13:13.078730 [info ]: Starting LSP server...
15:13:13.097605 [info ]: Loading profiles.yml
15:13:19.090307 [info ]: Loading profiles.yml
15:13:50.231817 [info ]: Loading profiles.yml
15:13:51.118057 [info ]: Loading profiles.yml
15:14:00.282347 [info ]: Loading profiles.yml
15:14:00.318050 [info ]: Started loading project
15:14:00.318806 [info ]: Loading profiles.yml
15:14:00.319425 [info ]: Finished loading project [  0.00s]
15:14:00.690969 [info ]: Loading profiles.yml
15:14:01.225694 [info ]: Loading profiles.yml
15:14:13.117337 [info ]: Loading profiles.yml
15:14:13.163927 [info ]: Started loading project
15:14:13.164724 [info ]: Loading profiles.yml
15:14:13.165196 [info ]: Finished loading project [  0.00s]
15:14:13.521769 [info ]: Loading profiles.yml
15:14:14.079755 [info ]: Loading profiles.yml
15:15:13.700356 [info ]: Loading profiles.yml
15:15:13.730930 [info ]: Started loading project
15:15:13.731625 [info ]: Loading profiles.yml
15:15:13.731945 [info ]: Finished loading project [  0.00s]
15:15:14.017941 [info ]: Loading profiles.yml
15:15:14.632555 [info ]: Loading profiles.yml
15:15:22.570290 [info ]: Loading profiles.yml
15:17:34.132656 [info ]: Loading profiles.yml
15:17:54.868143 [info ]: Loading profiles.yml
15:21:50.950696 [info ]: Loading profiles.yml
15:26:34.558299 [info ]: Loading profiles.yml
15:26:35.510761 [info ]: Loading profiles.yml
15:26:46.062358 [info ]: Loading profiles.yml
15:26:46.106239 [info ]: Started loading project
15:26:46.107249 [info ]: Loading profiles.yml
15:26:46.107979 [info ]: Finished loading project [  0.00s]
15:26:46.478488 [info ]: Loading profiles.yml
15:26:47.027857 [info ]: Loading profiles.yml
15:26:53.166643 [info ]: Loading profiles.yml
15:27:32.438978 [info ]: Loading profiles.yml
15:27:32.465444 [info ]: Started loading project
15:27:32.466130 [info ]: Loading profiles.yml
15:27:32.466611 [info ]: Finished loading project [  0.00s]
15:27:32.838472 [info ]: Loading profiles.yml
15:27:33.401773 [info ]: Loading profiles.yml
15:34:08.243009 [info ]: Loading profiles.yml
15:34:09.002735 [info ]: Loading profiles.yml
15:34:24.496703 [info ]: Loading profiles.yml
15:38:36.518076 [info ]: Loading profiles.yml
15:38:37.364182 [info ]: Loading profiles.yml
15:45:57.231611 [info ]: Loading profiles.yml
15:45:57.984976 [info ]: Loading profiles.yml
15:47:40.927176 [info ]: Loading profiles.yml
15:47:40.965775 [info ]: Started loading project
15:47:40.966673 [info ]: Loading profiles.yml
15:47:40.967327 [info ]: Finished loading project [  0.00s]
15:47:41.343784 [info ]: Loading profiles.yml
15:47:41.874601 [info ]: Loading profiles.yml
15:49:35.443764 [info ]: Loading profiles.yml
15:49:35.475478 [info ]: Started loading project
15:49:35.476094 [info ]: Loading profiles.yml
15:49:35.476484 [info ]: Finished loading project [  0.00s]
15:49:35.768696 [info ]: Loading profiles.yml
15:49:36.384423 [info ]: Loading profiles.yml
15:51:10.714608 [info ]: Loading profiles.yml
15:52:08.042339 [info ]: Loading profiles.yml
15:52:08.063078 [info ]: Started loading project
15:52:08.063701 [info ]: Loading profiles.yml
15:52:08.064065 [info ]: Finished loading project [  0.00s]
15:52:08.363516 [info ]: Loading profiles.yml
15:52:08.986602 [info ]: Loading profiles.yml
15:52:16.081519 [info ]: Loading profiles.yml
15:52:16.111486 [info ]: Started loading project
15:52:16.112149 [info ]: Loading profiles.yml
15:52:16.112535 [info ]: Finished loading project [  0.00s]
15:52:16.475500 [info ]: Loading profiles.yml
15:52:17.003292 [info ]: Loading profiles.yml
15:55:53.870861 [info ]: Loading profiles.yml
15:57:14.917126 [info ]: Loading profiles.yml
15:57:45.134909 [info ]: Loading profiles.yml
15:57:45.163181 [info ]: Started loading project
15:57:45.163872 [info ]: Loading profiles.yml
15:57:45.164247 [info ]: Finished loading project [  0.00s]
15:57:45.448621 [info ]: Loading profiles.yml
15:57:46.083803 [info ]: Loading profiles.yml
15:57:51.934231 [info ]: Loading profiles.yml
15:57:51.960315 [info ]: Started loading project
15:57:51.960929 [info ]: Loading profiles.yml
15:57:51.961273 [info ]: Finished loading project [  0.00s]
15:57:52.255293 [info ]: Loading profiles.yml
15:57:52.880041 [info ]: Loading profiles.yml
16:04:31.679647 [info ]: Loading profiles.yml
16:08:39.237041 [info ]: Loading profiles.yml
16:08:55.442507 [info ]: Loading profiles.yml
16:08:55.468436 [info ]: Started loading project
16:08:55.469063 [info ]: Loading profiles.yml
16:08:55.469454 [info ]: Finished loading project [  0.00s]
16:08:55.839327 [info ]: Loading profiles.yml
16:08:56.377785 [info ]: Loading profiles.yml
16:09:01.013152 [info ]: Loading profiles.yml
16:09:01.047238 [info ]: Started loading project
16:09:01.047837 [info ]: Loading profiles.yml
16:09:01.048183 [info ]: Finished loading project [  0.00s]
16:09:01.332293 [info ]: Loading profiles.yml
16:09:01.972217 [info ]: Loading profiles.yml
16:30:36.145729 [info ]: Loading profiles.yml
16:30:36.176592 [info ]: Started loading project
16:30:36.177218 [info ]: Loading profiles.yml
16:30:36.177606 [info ]: Finished loading project [  0.00s]
16:30:36.550813 [info ]: Loading profiles.yml
16:30:37.089890 [info ]: Loading profiles.yml
16:32:21.884752 [info ]: Loading profiles.yml
16:32:29.045666 [info ]: Loading profiles.yml
16:32:43.946001 [info ]: Loading profiles.yml
16:32:49.629153 [info ]: Loading profiles.yml
19:05:42.306632 [info ]: Loading profiles.yml
19:27:36.409188 [info ]: Loading profiles.yml
19:27:50.582870 [info ]: Loading profiles.yml
20:02:42.009716 [info ]: Loading profiles.yml
20:04:44.557429 [info ]: Loading profiles.yml
20:04:48.636821 [info ]: Loading profiles.yml
20:04:50.589287 [info ]: Loading profiles.yml
20:04:52.560921 [info ]: Loading profiles.yml
20:04:54.044521 [info ]: Loading profiles.yml
20:04:55.493561 [info ]: Loading profiles.yml
20:04:58.865892 [info ]: Loading profiles.yml
20:05:05.319280 [info ]: Loading profiles.yml
20:05:10.967068 [info ]: Loading profiles.yml
20:05:15.346250 [info ]: Loading profiles.yml
20:05:22.727997 [info ]: Loading profiles.yml
20:05:23.621748 [info ]: Loading profiles.yml
20:05:24.294582 [info ]: Loading profiles.yml
20:07:51.182172 [info ]: Loading profiles.yml
20:07:53.751825 [info ]: Loading profiles.yml
20:09:13.116266 [info ]: Loading profiles.yml
20:09:15.462811 [info ]: Loading profiles.yml
20:09:16.602464 [info ]: Loading profiles.yml
20:09:18.595878 [info ]: Loading profiles.yml
20:11:05.010524 [info ]: Loading profiles.yml
20:11:11.798009 [info ]: Loading profiles.yml
20:11:12.924875 [info ]: Loading profiles.yml
20:11:32.318038 [info ]: Loading profiles.yml
20:11:32.828252 [info ]: Loading profiles.yml
20:11:50.123634 [info ]: Loading profiles.yml
20:11:51.574684 [info ]: Loading profiles.yml
20:12:15.358979 [info ]: Loading profiles.yml
20:12:15.873962 [info ]: Loading profiles.yml
20:12:26.433408 [info ]: Loading profiles.yml
20:12:27.515598 [info ]: Loading profiles.yml
20:12:53.666614 [info ]: Loading profiles.yml
20:13:16.160809 [info ]: Loading profiles.yml
20:13:33.541902 [info ]: Loading profiles.yml
20:14:02.142723 [info ]: Loading profiles.yml
20:14:15.004254 [info ]: Loading profiles.yml
==================== 2026-06-09T02:45:51.411401Z | fe89e436-8138-409c-9e76-effd07fe0691 ====================
02:45:51.411597 [info ]: Starting dbt LSP server
02:45:51.411697 [info ]: Connecting to LSP client on port 8000
02:45:51.414386 [info ]: Successfully connected to LSP client
02:45:51.414439 [info ]: Creating LSP service...
02:45:51.504509 [info ]: Creating LSP server...
02:45:51.504546 [info ]: Starting LSP server...
02:45:51.548902 [info ]: Loading profiles.yml
02:46:37.174474 [info ]: Loading profiles.yml
02:47:11.366908 [info ]: Loading profiles.yml
02:51:14.078086 [info ]: Loading profiles.yml
02:51:14.080256 [info ]: Loading profiles.yml
02:51:23.086008 [info ]: Loading profiles.yml
02:53:24.047086 [info ]: Loading profiles.yml
02:53:48.820649 [info ]: Loading profiles.yml
03:01:06.129023 [info ]: Loading profiles.yml
03:01:13.737578 [info ]: Loading profiles.yml
03:02:13.884558 [info ]: Loading profiles.yml
03:02:22.893254 [info ]: Loading profiles.yml
03:02:51.923078 [info ]: Loading profiles.yml
03:06:29.681087 [info ]: Loading profiles.yml
03:08:47.986565 [info ]: Loading profiles.yml
03:09:09.733458 [info ]: Loading profiles.yml
03:17:23.283619 [info ]: Loading profiles.yml
03:56:09.229310 [info ]: Loading profiles.yml
03:56:10.417708 [info ]: Loading profiles.yml
04:00:27.842922 [info ]: Loading profiles.yml
04:04:08.565518 [info ]: Loading profiles.yml
04:05:41.518368 [info ]: Loading profiles.yml
04:05:44.691369 [info ]: Loading profiles.yml
04:11:20.555986 [info ]: Loading profiles.yml
04:11:44.228229 [info ]: Loading profiles.yml
04:11:46.464484 [info ]: Loading profiles.yml
04:13:28.564786 [info ]: Loading profiles.yml
04:13:32.702408 [info ]: Loading profiles.yml
04:13:40.643694 [info ]: Loading profiles.yml
04:14:22.514511 [info ]: Loading profiles.yml
04:14:33.180135 [info ]: Loading profiles.yml
04:14:36.202399 [info ]: Loading profiles.yml
04:14:38.624418 [info ]: Loading profiles.yml
04:14:45.086456 [info ]: Loading profiles.yml
04:15:01.833265 [info ]: Loading profiles.yml
04:15:12.087038 [info ]: Loading profiles.yml
04:15:20.643343 [info ]: Loading profiles.yml
04:23:05.705761 [info ]: Loading profiles.yml
04:24:04.576738 [info ]: Loading profiles.yml
04:24:33.037122 [info ]: Loading profiles.yml
04:24:50.080222 [info ]: Loading profiles.yml
04:25:09.128665 [info ]: Loading profiles.yml
04:25:37.550262 [info ]: Loading profiles.yml
04:25:40.828081 [info ]: Loading profiles.yml
04:25:48.148525 [info ]: Loading profiles.yml
04:25:49.479657 [info ]: Loading profiles.yml
04:26:08.433879 [info ]: Loading profiles.yml
04:26:22.145548 [info ]: Loading profiles.yml
04:26:22.186452 [info ]: Started loading project
04:26:22.187176 [info ]: Loading profiles.yml
04:26:22.187786 [info ]: Finished loading project [  0.00s]
04:26:22.545708 [info ]: Loading profiles.yml
04:26:23.084705 [info ]: Loading profiles.yml
04:26:44.707688 [info ]: Loading profiles.yml
04:26:44.744368 [info ]: Started loading project
04:26:44.745398 [info ]: Loading profiles.yml
04:26:44.745887 [info ]: Finished loading project [  0.00s]
04:26:45.104596 [info ]: Loading profiles.yml
04:26:45.651275 [info ]: Loading profiles.yml
04:27:08.768709 [info ]: Loading profiles.yml
04:27:08.814548 [info ]: Started loading project
04:27:08.815359 [info ]: Loading profiles.yml
04:27:08.815868 [info ]: Finished loading project [  0.00s]
04:27:09.162970 [info ]: Loading profiles.yml
04:27:09.723770 [info ]: Loading profiles.yml
04:27:17.753627 [info ]: Loading profiles.yml
04:27:17.781654 [info ]: Started loading project
04:27:17.782394 [info ]: Loading profiles.yml
04:27:17.782868 [info ]: Finished loading project [  0.00s]
04:27:18.073096 [info ]: Loading profiles.yml
04:27:18.679095 [info ]: Loading profiles.yml
04:28:52.894975 [info ]: Loading profiles.yml
04:28:52.932584 [info ]: Started loading project
04:28:52.933226 [info ]: Loading profiles.yml
04:28:52.933615 [info ]: Finished loading project [  0.00s]
04:28:53.296494 [info ]: Loading profiles.yml
04:28:53.823645 [info ]: Loading profiles.yml
04:29:03.850489 [info ]: Loading profiles.yml
04:29:03.892696 [info ]: Started loading project
04:29:03.893729 [info ]: Loading profiles.yml
04:29:03.894262 [info ]: Finished loading project [  0.00s]
04:29:04.271892 [info ]: Loading profiles.yml
04:29:04.786016 [info ]: Loading profiles.yml
04:29:34.163240 [info ]: Loading profiles.yml
04:29:34.208412 [info ]: Started loading project
04:29:34.209415 [info ]: Loading profiles.yml
04:29:34.209866 [info ]: Finished loading project [  0.00s]
04:29:34.570201 [info ]: Loading profiles.yml
04:29:35.155610 [info ]: Loading profiles.yml
04:31:28.418515 [info ]: Loading profiles.yml
04:31:28.453540 [info ]: Started loading project
04:31:28.454252 [info ]: Loading profiles.yml
04:31:28.454690 [info ]: Finished loading project [  0.00s]
04:31:28.813509 [info ]: Loading profiles.yml
04:31:29.357594 [info ]: Loading profiles.yml
04:31:42.608099 [info ]: Loading profiles.yml
